2026-04-18 13:13:07.718	=== SESSION_START url='https://supjav.com/117586.html' server_tab='DS' auto_download=True ===
2026-04-18 13:13:25.067	_maybe_adjust_tab_list_for_ds: page_url='https://supjav.com/117586.html' raw_in=['DS'] out=['DS'] ds_visible=True only_ds=True user_picked_single_tab=True
2026-04-18 13:13:25.084	server_tab_phase_start: page_url='https://supjav.com/117586.html' tab_list=['DS'] tabs_to_try=['DS'] user_picked_single_tab=True skip_st=False
2026-04-18 13:13:25.089	dom_diag before_server_tab_loop ctx=main {"label":"DS","location":"https://supjav.com/117586.html","btnServerCount":2,"labelMatches":[{"i":1,"text":"DS","href":"javascript:;","adRejected":false}],"wouldClickSkippedByAd":[]}
2026-04-18 13:13:25.098	dom_diag before_server_tab_loop ctx=frame[1] chrome-error://chromewebdata/ {"label":"DS","location":"chrome-error://chromewebdata/","btnServerCount":0,"labelMatches":[],"wouldClickSkippedByAd":[]}
2026-04-18 13:13:25.106	dom_diag before_server_tab_loop ctx=frame[2] chrome-error://chromewebdata/ {"label":"DS","location":"chrome-error://chromewebdata/","btnServerCount":0,"labelMatches":[],"wouldClickSkippedByAd":[]}
2026-04-18 13:13:25.116	dom_diag before_server_tab_loop ctx=frame[3] https://a.eix304.com/ad?spotid=60b74e5161d6e2527c1401d3&type=300x250&output=html&extra1=0&ref=https%3A%2F%2Fsupjav.com%2F117586.html&dt=1776507190293&screen=1280x720&tags= {"label":"DS","location":"https://a.eix304.com/ad?spotid=60b74e5161d6e2527c1401d3&type=300x250&output=html&extra1=0&ref=https%3A%2F%2Fsupjav.com%2F117586.html&dt=1776507190293&screen=1280x720&tags=","btnServerCount":0,"labelMatches":[],"wouldClickSkippedByAd":[]}
2026-04-18 13:13:25.123	dom_diag before_server_tab_loop ctx=frame[4] chrome-error://chromewebdata/ {"label":"DS","location":"chrome-error://chromewebdata/","btnServerCount":0,"labelMatches":[],"wouldClickSkippedByAd":[]}
2026-04-18 13:13:27.353	DS: iteration_start
2026-04-18 13:13:27.357	dom_diag DS_after_dismiss_before_js ctx=main {"label":"DS","location":"https://supjav.com/117586.html","btnServerCount":2,"labelMatches":[{"i":1,"text":"DS","href":"javascript:;","adRejected":false}],"wouldClickSkippedByAd":[]}
2026-04-18 13:13:27.361	dom_diag DS_after_dismiss_before_js ctx=frame[1] chrome-error://chromewebdata/ {"label":"DS","location":"chrome-error://chromewebdata/","btnServerCount":0,"labelMatches":[],"wouldClickSkippedByAd":[]}
2026-04-18 13:13:27.366	dom_diag DS_after_dismiss_before_js ctx=frame[2] chrome-error://chromewebdata/ {"label":"DS","location":"chrome-error://chromewebdata/","btnServerCount":0,"labelMatches":[],"wouldClickSkippedByAd":[]}
2026-04-18 13:13:27.370	dom_diag DS_after_dismiss_before_js ctx=frame[3] https://a.eix304.com/ad?spotid=60b74e5161d6e2527c1401d3&type=300x250&output=html&extra1=0&ref=https%3A%2F%2Fsupjav.com%2F117586.html&dt=1776507190293&screen=1280x720&tags= {"label":"DS","location":"https://a.eix304.com/ad?spotid=60b74e5161d6e2527c1401d3&type=300x250&output=html&extra1=0&ref=https%3A%2F%2Fsupjav.com%2F117586.html&dt=1776507190293&screen=1280x720&tags=","btnServerCount":0,"labelMatches":[],"wouldClickSkippedByAd":[]}
2026-04-18 13:13:27.374	dom_diag DS_after_dismiss_before_js ctx=frame[4] chrome-error://chromewebdata/ {"label":"DS","location":"chrome-error://chromewebdata/","btnServerCount":0,"labelMatches":[],"wouldClickSkippedByAd":[]}
2026-04-18 13:13:29.248	DS: safe_js_main_result tab_clicked=True
2026-04-18 13:13:29.259	DS: after_all_safe_js tab_clicked=True
2026-04-18 13:13:29.679	DS: after_second_round_js tab_clicked=True
2026-04-18 13:15:10.830	=== SESSION_START url='https://supjav.com/31907.html' server_tab='DS' auto_download=True ===
2026-04-18 13:17:09.813	=== SESSION_START url='https://supjav.com/234501.html' server_tab='VOE,TV,FST,ST,DS' auto_download=True ===
2026-04-18 13:17:10.565	=== SESSION_START url='https://supjav.com/407120.html' server_tab='VOE,TV,FST,ST,DS' auto_download=True ===
2026-04-18 13:17:15.346	_maybe_adjust_tab_list_for_ds: page_url='https://supjav.com/234501.html' raw_in=['VOE', 'TV', 'FST', 'ST', 'DS'] out=['VOE', 'TV', 'FST', 'ST'] ds_visible=False only_ds=False user_picked_single_tab=False
2026-04-18 13:17:15.351	server_tab_phase_start: page_url='https://supjav.com/234501.html' tab_list=['VOE', 'TV', 'FST', 'ST', 'DS'] tabs_to_try=['VOE', 'TV', 'FST', 'ST'] user_picked_single_tab=False skip_st=False
2026-04-18 13:19:09.852	=== SESSION_START url='https://supjav.com/234502.html' server_tab='VOE,TV,FST,ST,DS' auto_download=True ===
2026-04-18 13:19:15.777	_maybe_adjust_tab_list_for_ds: page_url='https://supjav.com/234502.html' raw_in=['VOE', 'TV', 'FST', 'ST', 'DS'] out=['VOE', 'TV', 'FST', 'ST'] ds_visible=False only_ds=False user_picked_single_tab=False
2026-04-18 13:19:15.781	server_tab_phase_start: page_url='https://supjav.com/234502.html' tab_list=['VOE', 'TV', 'FST', 'ST', 'DS'] tabs_to_try=['VOE', 'TV', 'FST', 'ST'] user_picked_single_tab=False skip_st=False
