2026-03-17 15:08:38.515	capture	https://streamtape.com/e/bp7262LazgSJz3/vrtm-493-ub.mp4
2026-03-17 15:08:43.860	capture	https://streamtape.com/get_video?id=bp7262LazgSJz3&expires=1773819317&ip=DxysD0SOKxSHDN&token=k2tUkiDuqr28&stream=1
2026-03-17 15:08:51.579	capture	https://streamtape.com/e/bp7262LazgSJz3/vrtm-493-ub.mp4
2026-03-17 15:08:59.315	download_click	https://streamtape.com/e/bp7262LazgSJz3/vrtm-493-ub.mp4
2026-03-17 15:11:31.670	capture	https://streamtape.com/e/bp7262LazgSJz3/vrtm-493-ub.mp4
2026-03-17 15:11:49.553	download_click	https://streamtape.com/e/bp7262LazgSJz3/vrtm-493-ub.mp4
2026-03-17 15:14:05.510	capture	https://cdn2.turboviplay.com/data/W5ni35ty30spdqgTBHw2/W5ni35ty30spdqgTBHw2.m3u8
2026-03-17 15:14:09.081	capture	https://streamtape.com/e/bp7262LazgSJz3/vrtm-493-ub.mp4
2026-03-17 15:14:15.129	capture	https://streamtape.com/get_video?id=bp7262LazgSJz3&expires=1773819648&ip=DxysD0SOKxSHDN&token=Q1CXoM1RUL4z&stream=1
2026-03-17 15:14:17.420	capture	https://streamtape.com/e/bp7262LazgSJz3/vrtm-493-ub.mp4
2026-03-17 15:14:21.428	capture	https://streamtape.com/get_video?id=bp7262LazgSJz3&expires=1773819656&ip=DxysD0SOKxSHDN&token=WWibtDpxfbYS&stream=1
2026-03-17 15:14:31.301	download_click	https://streamtape.com/get_video?id=bp7262LazgSJz3&expires=1773819656&ip=DxysD0SOKxSHDN&token=WWibtDpxfbYS&stream=1
2026-03-17 15:23:08.916	download_click	https://hls6.turbosplayer.com/file/8835c823-ae26-11f0-a3cf-b42e99c9ae56/master.m3u8
2026-03-17 15:34:42.297	download_click	https://cdn-wkgtlrbhjc1mxcjt.edgeon-bandwidth.com/engine/hls2/01/16606/ovjzbkqkt6fw_,n,.urlset/index-v1-a1.m3u8?t=xBU9cJhwZEqh8ehiZTw8g__fgyDWled2HShey2WF5VM&s=1773750868&e=14400&f=83033638&node=bAtMdGZGqUDwL5VVe4d0gdh3Sp+fJM1VA67mUn2vrz0=&i=89.125&sp=2500&asn=1&q=n&rq=3UUV0CvGS2SlXub7j3RmSzK99ScitpegWDNL3Lu7
2026-03-17 15:47:35.995	download_click	https://cdn-fbueru1cmaqkltsj.edgeon-bandwidth.com/engine/hls2/01/16256/sx5rgt3rmoye_,n,.urlset/index-v1-a1.m3u8?t=FAf_8IoIAICcuOnpGoE8RDIywDKImkN2VRFPWp8HkyM&s=1773751641&e=14400&f=81282110&node=dbpswd6iFgev7SRv5D/vdoXzaRSF+77dxpDZK2V151g=&i=89.125&sp=2500&asn=1&q=n&rq=3UUV0CvGS2SlXub7j3RmSzK99ScitpegWDNL3Lu7
2026-03-17 16:08:49.535	download_click	https://cdn-cpjlg1yzjzxk8qnq.edgeon-bandwidth.com/engine/hls2/01/15660/m3xsolx2jih5_,n,.urlset/index-v1-a1.m3u8?t=1mXT5YV1SoxrTqwbceaMur13WEXPAK3CPjh4ta1WUDc&s=1773752915&e=14400&f=78302582&node=YM8ryRuslUo6jpp1CYW90UlU2A0JmuKOHWDGl2tyb2U=&i=89.125&sp=2500&asn=1&q=n&rq=3UUV0CvGS2SlXub7j3RmSzK99ScitpegWDNL3Lu7
2026-03-17 16:27:49.098	download_click	https://hls5.turbosplayer.com/file/0d8ee607-ae42-11f0-9661-a036bca6dac8/master.m3u8
2026-03-17 16:40:43.826	download_click	https://cdn-wqli8udznhgz3hja.edgeon-bandwidth.com/engine/hls2-c/01/14441/lfgliocjma7a_,n,.urlset/index-v1-a1.m3u8?t=KupWWGOtLGdzJRe1MvgssBlzZVfGG0Rmrta_zGhVv9k&s=1773754829&e=14400&f=72206916&node=9/YfUrcSSltRxRudPemYIkc9gzkqTBAOOy6oaT96arE=&i=89.125&sp=2500&asn=1&q=n&rq=3UUV0CvGS2SlXub7j3RmSzK99ScitpegWDNL3Lu7
2026-03-17 16:56:34.055	download_click	https://cdn-ktmegdtzjuhg1tfn.edgeon-bandwidth.com/engine/hls2/01/12706/zvx63v8uig48_,n,.urlset/index-v1-a1.m3u8?t=quLXrOxF_1rnXGpuz6HiIMNxDlG_ZyLcXBVa9CHPQME&s=1773755779&e=14400&f=63530327&node=f88Mrj+LmWxxrGcBDqcgTBeeCYaGKYgJc0I/71aYJYg=&i=89.125&sp=2500&asn=1&q=n&rq=3UUV0CvGS2SlXub7j3RmSzK99ScitpegWDNL3Lu7
2026-03-17 17:13:10.794	download_click	https://cdn-ldd3nik2yl3ojjan.edgeon-bandwidth.com/engine/hls2/01/12284/psmme9da1c4x_,n,.urlset/index-v1-a1.m3u8?t=V_SPc-oBQbDQvAAeho__jNtyVAnULhl_C5TN2k2wSDA&s=1773756777&e=14400&f=61423151&node=Qk+AsUej9TIMAmZHaiOElMLMYCvonNmxQQZBEr2RcQc=&i=89.125&sp=2500&asn=1&q=n&rq=3UUV0CvGS2SlXub7j3RmSzK99ScitpegWDNL3Lu7
2026-03-17 17:26:21.497	download_click	https://cdn2.turboviplay.com/data/66f387838d3b7/66f387838d3b7.m3u8
2026-03-17 17:28:30.874	download_click	https://cdn2.turboviplay.com/data/66f22efe1b311/66f22efe1b311.m3u8
2026-03-17 17:29:02.682	download_click	https://cdn-34ppf4n1zgx9ubgc.edgeon-bandwidth.com/engine/hls2/01/12263/4e5ujjuc2oqc_,n,.urlset/index-v1-a1.m3u8?t=A7ZmpLGpeuIn-ql6cAMOx7lOwGozV1jj5sJYrMQFCVc&s=1773757728&e=14400&f=61318863&node=gbR2FVWUEnUExeqDx8emmWiNsGleSesjKKTykKt/rL8=&i=89.125&sp=2500&asn=1&q=n&rq=3UUV0CvGS2SlXub7j3RmSzK99ScitpegWDNL3Lu7
2026-03-18 09:29:04.270	download_click	https://media-hls.saawsedge.com/b-hls-15/180084929/180084929_240p.m3u8
2026-03-18 09:31:13.952	download_click	https://hls6.turbosplayer.com/file/8835c823-ae26-11f0-a3cf-b42e99c9ae56/master.m3u8
2026-03-18 10:34:20.697	download_click	https://cdn2.turboviplay.com/data/66f387838d3b7/66f387838d3b7.m3u8
2026-03-18 10:35:03.332	download_click	https://cdn-fkm7kxj6cbajfzl9.edgeon-bandwidth.com/engine/hls2/01/12212/3budpg7cuhee_,n,.urlset/index-v1-a1.m3u8?t=i19UJMcaFQfjl4KcyT_tz2dsGCCq_Fe4w-gn3aV_GCA&s=1773819289&e=14400&f=61064991&node=F1buFkWdFSsVUU0eLhLqAZIMt58FFS9+Qe0Acjz27Rw=&i=89.125&sp=2500&asn=1&q=n&rq=ObF1K3AuSEMn646OHQYssmKatza1m9bLqzKJZeVL
2026-03-18 10:47:36.559	download_click	https://cdn-wxoegnr3ejk5gd86.edgeon-bandwidth.com/engine/hls2-c/01/10398/jmj5iub1dojv_,n,.urlset/index-v1-a1.m3u8?t=oziNk4zAGB3oFXpaSnYt0Xliv0dfVnTvdz2Br_qUr7w&s=1773820042&e=14400&f=51990948&node=4VlVWhAmYngYlcARvmJAbCRyDIGR2OWIRuOGPr4lndE=&i=89.125&sp=2500&asn=1&q=n&rq=ObF1K3AuSEMn646OHQYssmKatza1m9bLqzKJZeVL
2026-03-18 11:01:35.300	download_click	https://cdn2.turboviplay.com/data/7K6JmMpTY4KbQ6OuTtUo/7K6JmMpTY4KbQ6OuTtUo.m3u8
2026-03-18 11:03:44.519	download_click	https://cdn2.turboviplay.com/data/PKqsrQAC2FtYASJaUwne/PKqsrQAC2FtYASJaUwne.m3u8
2026-03-18 11:04:26.877	download_click	https://cdn2.turboviplay.com/data/W5ni35ty30spdqgTBHw2/W5ni35ty30spdqgTBHw2.m3u8
2026-03-18 11:09:09.042	download_click	https://cdn2.turboviplay.com/data/66f387838d3b7/66f387838d3b7.m3u8
2026-03-18 11:11:18.250	download_click	https://cdn2.turboviplay.com/data/7K6JmMpTY4KbQ6OuTtUo/7K6JmMpTY4KbQ6OuTtUo.m3u8
2026-03-18 11:13:27.094	download_click	https://cdn2.turboviplay.com/data/PKqsrQAC2FtYASJaUwne/PKqsrQAC2FtYASJaUwne.m3u8
2026-03-18 11:14:09.210	download_click	https://cdn2.turboviplay.com/data/W5ni35ty30spdqgTBHw2/W5ni35ty30spdqgTBHw2.m3u8
2026-03-18 11:38:26.078	download_click	https://hls6.turbosplayer.com/file/8835c823-ae26-11f0-a3cf-b42e99c9ae56/master.m3u8
2026-03-18 12:09:56.485	download_click	https://streamtape.com/e/Zybzy67OVJhqA0d/soju-026-ub.mp4
2026-03-18 12:14:54.598	download_click	https://streamtape.com/get_video?id=Zybzy67OVJhqA0d&expires=1773895246&ip=DxysD0SOKxSHDN&token=UWYzCowdpRmU&stream=1
2026-03-18 12:32:31.953	download_click	https://streamtape.com/get_video?id=Zybzy67OVJhqA0d&expires=1773896331&ip=DxysD0SOKxSHDN&token=1q54vQMbfBYR&stream=1
2026-03-18 13:00:20.229	download_click	https://streamtape.com/get_video?id=Zybzy67OVJhqA0d&expires=1773897999&ip=DxysD0SOKxSHDN&token=EECyudpmgEvG&stream=1
2026-03-18 13:07:10.709	download_click	https://streamtape.com/get_video?id=Zybzy67OVJhqA0d&expires=1773898409&ip=DxysD0SOKxSHDN&token=BeezZQ2pvQyv&stream=1
2026-03-18 13:12:54.996	download_click	https://streamtape.com/get_video?id=Zybzy67OVJhqA0d&expires=1773898754&ip=DxysD0SOKxSHDN&token=6bq60inFNkVO&stream=1
2026-03-18 13:25:31.638	download_click	https://streamtape.com/get_video?id=Zybzy67OVJhqA0d&expires=1773899510&ip=DxysD0SOKxSHDN&token=RCFXU9ZQTzR8&stream=1
2026-03-18 13:29:19.833	download_click	https://cdn2.turboviplay.com/data/66f387838d3b7/66f387838d3b7.m3u8
2026-03-18 13:31:32.304	download_click	https://cdn2.turboviplay.com/data/7K6JmMpTY4KbQ6OuTtUo/7K6JmMpTY4KbQ6OuTtUo.m3u8
2026-03-18 13:33:40.785	download_click	https://cdn2.turboviplay.com/data/PKqsrQAC2FtYASJaUwne/PKqsrQAC2FtYASJaUwne.m3u8
2026-03-18 13:34:23.012	download_click	https://cdn2.turboviplay.com/data/W5ni35ty30spdqgTBHw2/W5ni35ty30spdqgTBHw2.m3u8
2026-03-18 13:56:19.728	download_click	https://cdn2.turboviplay.com/data/66f387838d3b7/66f387838d3b7.m3u8
2026-03-18 13:59:06.441	download_click	https://cdn2.turboviplay.com/data/66f387838d3b7/66f387838d3b7.m3u8
2026-03-18 14:04:56.540	download_click	https://cdn2.turboviplay.com/data/66f387838d3b7/66f387838d3b7.m3u8
2026-03-18 14:11:08.638	download_click	https://cdn2.turboviplay.com/data/66f387838d3b7/66f387838d3b7.m3u8
2026-03-18 14:15:24.353	download_click	https://cdn2.turboviplay.com/data/66f387838d3b7/66f387838d3b7.m3u8
2026-03-18 14:16:05.119	download_click	https://streamtape.com/get_video?id=Zybzy67OVJhqA0d&expires=1773902545&ip=DxysD0SOKxSHDN&token=78SNzbf-w6fj&stream=1
2026-03-18 14:19:18.229	download_click	https://cdn2.turboviplay.com/data/66f387838d3b7/66f387838d3b7.m3u8
2026-03-18 14:19:59.057	download_click	https://streamtape.com/get_video?id=Zybzy67OVJhqA0d&expires=1773902779&ip=DxysD0SOKxSHDN&token=c9KPNmb5oa5g&stream=1
2026-03-18 15:17:09.830	download_click	https://cdn2.turboviplay.com/data/7K6JmMpTY4KbQ6OuTtUo/7K6JmMpTY4KbQ6OuTtUo.m3u8
2026-03-18 15:17:50.557	download_click	https://streamtape.com/get_video?id=OaPY7yRoMbHZlAp&expires=1773906250&ip=DxysD0SOKxSHDN&token=v1-xPgteB1Pk&stream=1
2026-03-18 16:21:31.791	download_click	https://cdn2.turboviplay.com/data/PKqsrQAC2FtYASJaUwne/PKqsrQAC2FtYASJaUwne.m3u8
2026-03-18 16:22:12.486	download_click	https://streamtape.com/get_video?id=Rw4P0zYmB7ij4R&expires=1773910113&ip=DxysD0SOKxSHDN&token=KI6e5MAnbHDD&stream=1
2026-03-18 17:24:29.076	download_click	https://cdn2.turboviplay.com/data/W5ni35ty30spdqgTBHw2/W5ni35ty30spdqgTBHw2.m3u8
2026-03-18 17:25:12.743	download_click	https://cdn2.turboviplay.com/data/W5ni35ty30spdqgTBHw2/W5ni35ty30spdqgTBHw2.m3u8
2026-03-18 17:31:07.054	download_click	https://hls6.turbosplayer.com/file/8835c823-ae26-11f0-a3cf-b42e99c9ae56/master.m3u8
2026-03-18 17:42:42.950	download_click	https://hls6.turbosplayer.com/file/8835c823-ae26-11f0-a3cf-b42e99c9ae56/master.m3u8
2026-03-18 17:43:23.756	download_click	https://streamtape.com/get_video?id=r9B6qqlq1diMW0&expires=1773914983&ip=DxysD0SOKxSHDN&token=1hqpMwsY_Nkk&stream=1
2026-03-18 17:48:05.559	download_click	https://hls6.turbosplayer.com/file/8835c823-ae26-11f0-a3cf-b42e99c9ae56/master.m3u8
2026-03-18 17:48:46.380	download_click	https://streamtape.com/get_video?id=r9B6qqlq1diMW0&expires=1773915306&ip=DxysD0SOKxSHDN&token=F_-13q0Sc9p9&stream=1
2026-03-18 17:54:27.309	download_click	https://dianaavoidthey.com/engine/jwplayer/jwplayer6/c4585c1c9c1a4486eb650df09e3a4657.gif?h=1220272894&e=pa&n=0062767756007661&aid=SDtULpKyEeWwxnBWgb9%2BiQ&amp=0&at=1&c=-1&ccp=0&cp=0&d=0&eb=0&ed=6&emi=1yhqr3iji0wc&i=1&lid=1ig0nhhdektf&lsa=read&mt=0&pbd=1&pbr=1&pgi=1csv384h5zvh&ph=3&pid=ccomcm3uad17&pii=0&pl=550&plc=1&pli=16kyfqqa5rdm&pp=hlsjs&prc=1&ps=3&pss=1&pt=Watch%20jufe-143-ubw.mp4%20-%20VOE%20%7C%20Content%20Delivery%20Network%20(CDN)%20%26%20Video%20Cloud&pu=https%3A%2F%2Fvoe.sx%2F&pv=8.40.2&pyc=0&s=1&sdk=0&stc=1&stpe=0&t=jufe-143-ubw.mp4&tv=4.0.9&vb=1&vi=1&vl=90&wd=777&ab=0&bwe=21199&cme=0&flc=0&lng=en&mu=https%3A%2F%2Fcdn-qhprfsocodpaz7yp.edgeon-bandwidth.com%2Fengine%2Fhls2%2F01%2F15629%2Fccomcm3uad17_%2Cn%2C.urlset%2Fmaster.m3u8%3Ft%3DVa4EaCzmEVC_CZGTwc7qKuer3OcavDqh7ukCwFtGRuE%26s%3D1773845655%26e%3D14400%26f%3D78147986%26node%3DESji19lYm0OPW1t925Z%2BMDkX%2BXj6OyD%2B%2FabM2KdqKrg%3D%26i%3D89.125%26sp%3D2500%26asn%3D1%26q%3Dn%26rq%3D1qyvURwzy7lLsQqKLymooUHYC0xywUpx8mKdepJA&pd=1&plng=en&pni=0&pr=4&tb=0&vd=0&sa=1773845664957
2026-03-18 17:55:08.074	download_click	https://streamtape.com/get_video?id=r9B6qqlq1diMW0&expires=1773915688&ip=DxysD0SOKxSHDN&token=fqEUcuu_Z7za&stream=1
2026-03-18 18:00:30.638	download_click	https://dianaavoidthey.com/engine/jwplayer/jwplayer6/c4585c1c9c1a4486eb650df09e3a4657.gif?h=-1850495013&e=pa&n=6869268907987990&aid=SDtULpKyEeWwxnBWgb9%2BiQ&amp=0&at=1&c=-1&ccp=0&cp=0&d=0&eb=0&ed=6&emi=1w9lawprb1h1&i=1&lid=1ig0nhhdektf&lsa=read&mt=0&pbd=1&pbr=1&pgi=1ra960shm80l&ph=3&pid=ccomcm3uad17&pii=0&pl=550&plc=1&pli=dfi2rh12m24v&pp=hlsjs&prc=1&ps=3&pss=1&pt=Watch%20jufe-143-ubw.mp4%20-%20VOE%20%7C%20Content%20Delivery%20Network%20(CDN)%20%26%20Video%20Cloud&pu=https%3A%2F%2Fvoe.sx%2F&pv=8.40.2&pyc=0&s=1&sdk=0&stc=1&stpe=0&t=jufe-143-ubw.mp4&tv=4.0.9&vb=1&vi=1&vl=90&wd=777&ab=0&bwe=21199&cme=0&flc=0&lng=en&mu=https%3A%2F%2Fcdn-qhprfsocodpaz7yp.edgeon-bandwidth.com%2Fengine%2Fhls2%2F01%2F15629%2Fccomcm3uad17_%2Cn%2C.urlset%2Fmaster.m3u8%3Ft%3DFbGuX8zPegUzbS1U8xmi8KE8ijXCI3snzbp8b2ewqHY%26s%3D1773846019%26e%3D14400%26f%3D78147986%26node%3DESji19lYm0OPW1t925Z%2BMDkX%2BXj6OyD%2B%2FabM2KdqKrg%3D%26i%3D89.125%26sp%3D2500%26asn%3D1%26q%3Dn%26rq%3D1qyvURwzy7lLsQqKLymooUHYC0xywUpx8mKdepJA&pd=1&plng=en&pni=0&pr=4&tb=0&vd=0&sa=1773846028302
2026-03-18 18:01:11.437	download_click	https://streamtape.com/get_video?id=r9B6qqlq1diMW0&expires=1773916051&ip=DxysD0SOKxSHDN&token=BWa5nXQcPVKh&stream=1
2026-03-18 18:19:59.096	download_click	https://cdn-qhprfsocodpaz7yp.edgeon-bandwidth.com/engine/hls2/01/15629/ccomcm3uad17_,n,.urlset/index-v1-a1.m3u8?t=6ZDAepb_lUnwxJt9A0vkgqxE-ug3UlLrxXRaiiUqeDA&s=1773847185&e=14400&f=78147986&node=ESji19lYm0OPW1t925Z+MDkX+Xj6OyD+/abM2KdqKrg=&i=89.125&sp=2500&asn=1&q=n&rq=1qyvURwzy7lLsQqKLymooUHYC0xywUpx8mKdepJA
2026-03-18 18:25:55.325	download_click	https://cdn2.turboviplay.com/data/7K6JmMpTY4KbQ6OuTtUo/7K6JmMpTY4KbQ6OuTtUo.m3u8
2026-03-18 18:26:33.547	download_click	https://streamtape.com/get_video?id=OaPY7yRoMbHZlAp&expires=1773917573&ip=DxysD0SOKxSHDN&token=QkDVzYXox7JI&stream=1
2026-03-18 19:30:02.102	download_click	https://cdn2.turboviplay.com/data/PKqsrQAC2FtYASJaUwne/PKqsrQAC2FtYASJaUwne.m3u8
2026-03-18 19:30:29.337	download_click	https://streamtape.com/get_video?id=Rw4P0zYmB7ij4R&expires=1773921409&ip=DxysD0SOKxSHDN&token=V8YTvKadf-fD&stream=1
2026-03-18 20:15:19.484	download_click	https://cdn2.turboviplay.com/data/7K6JmMpTY4KbQ6OuTtUo/7K6JmMpTY4KbQ6OuTtUo.m3u8
2026-03-18 20:17:47.573	download_click	https://cdn2.turboviplay.com/data/PKqsrQAC2FtYASJaUwne/PKqsrQAC2FtYASJaUwne.m3u8
2026-03-18 20:18:16.296	download_click	https://streamtape.com/get_video?id=Rw4P0zYmB7ij4R&expires=1773924277&ip=DxysD0SOKxSHDN&token=KrKA6-eTojGk&stream=1
2026-03-18 21:20:40.400	download_click	https://cdn2.turboviplay.com/data/W5ni35ty30spdqgTBHw2/W5ni35ty30spdqgTBHw2.m3u8
2026-03-18 21:29:10.389	download_click	https://cdn2.turboviplay.com/data/7K6JmMpTY4KbQ6OuTtUo/7K6JmMpTY4KbQ6OuTtUo.m3u8
2026-03-18 21:29:52.171	download_click	https://streamtape.com/get_video?id=OaPY7yRoMbHZlAp&expires=1773928572&ip=DxysD0SOKxSHDN&token=Pf4_eqgWBFpC&stream=1
2026-03-18 22:33:32.502	download_click	https://cdn2.turboviplay.com/data/PKqsrQAC2FtYASJaUwne/PKqsrQAC2FtYASJaUwne.m3u8
2026-03-18 22:34:00.607	download_click	https://streamtape.com/get_video?id=Rw4P0zYmB7ij4R&expires=1773932421&ip=DxysD0SOKxSHDN&token=ovgyuRA8ke7q&stream=1
2026-03-19 15:10:40.917	download_click	https://cdn2.turboviplay.com/data/7K6JmMpTY4KbQ6OuTtUo/7K6JmMpTY4KbQ6OuTtUo.m3u8
2026-03-19 15:11:22.057	download_click	https://streamtape.com/get_video?id=OaPY7yRoMbHZlAp&expires=1773992263&ip=DxysD0SOKxSHDN&token=V3kYY58QbHhn&stream=1
2026-03-19 15:14:28.447	download_click	https://cdn2.turboviplay.com/data/PKqsrQAC2FtYASJaUwne/PKqsrQAC2FtYASJaUwne.m3u8
2026-03-19 15:14:55.786	download_click	https://streamtape.com/get_video?id=Rw4P0zYmB7ij4R&expires=1773992477&ip=DxysD0SOKxSHDN&token=B86mwQKJlUMU&stream=1
2026-03-19 15:19:19.454	download_click	https://cdn2.turboviplay.com/data/W5ni35ty30spdqgTBHw2/W5ni35ty30spdqgTBHw2.m3u8
2026-03-19 15:20:00.613	download_click	https://streamtape.com/get_video?id=bp7262LazgSJz3&expires=1773992782&ip=DxysD0SOKxSHDN&token=1CIPDbW-Z6gb&stream=1
2026-03-19 17:22:46.843	download_click	https://hls5.turbosplayer.com/file/0d8ee607-ae42-11f0-9661-a036bca6dac8/master.m3u8
2026-03-19 18:40:36.343	download_click	https://cdn2.turboviplay.com/data/66efa015b13f7/66efa015b13f7.m3u8
2026-03-19 18:41:28.109	download_click	https://streamtape.com/get_video?id=Pq0Yqe8RAJsLbG&expires=1774004858&ip=DxysD0SOKxSHDN&token=Rhd43LFU38MZ&stream=1
2026-03-19 18:46:13.043	download_click	https://cdn-qhprfsocodpaz7yp.edgeon-bandwidth.com/engine/hls2/01/15629/ccomcm3uad17_,n,.urlset/master.m3u8?t=BPiCbUq0RVwsy_LfoRkA2PtvOs43UbtOqdXrsKv-khc&s=1773935161&e=14400&f=78147986&node=ESji19lYm0OPW1t925Z+MDkX+Xj6OyD+/abM2KdqKrg=&i=89.125&sp=2500&asn=1&q=n&rq=CS7iSK6J4jPGHPTEJsZYk46RkaBCLHgZBTRsbdQw
2026-03-19 18:51:44.592	download_click	https://cdn-qhprfsocodpaz7yp.edgeon-bandwidth.com/engine/hls2/01/15629/ccomcm3uad17_,n,.urlset/master.m3u8?t=6JxaocMMnWxQEETG1evaxdUxrGaMZtsMQT9kLIUog7c&s=1773935493&e=14400&f=78147986&node=ESji19lYm0OPW1t925Z+MDkX+Xj6OyD+/abM2KdqKrg=&i=89.125&sp=2500&asn=1&q=n&rq=CS7iSK6J4jPGHPTEJsZYk46RkaBCLHgZBTRsbdQw
2026-03-19 19:01:18.615	download_click	https://cdn-0f49rzor22huapc5.edgeon-bandwidth.com/engine/hls2/01/15629/isnrgoxiqtua_,n,.urlset/index-v1-a1.m3u8?t=b_0dcnT-nyPyOkDYzwxYw9zjSotPiWGu5VwrhIu4yuE&s=1773936065&e=14400&f=78148018&node=SZHSsRvkCzi+vj394EwIn1FNSsrLyGHN5gEj3UffCak=&i=89.125&sp=2500&asn=1&q=n&rq=CS7iSK6J4jPGHPTEJsZYk46RkaBCLHgZBTRsbdQw
2026-03-19 19:11:26.088	download_click	https://cdn-xygvp1sk9y8ulkte.edgeon-bandwidth.com/engine/hls2/01/12277/ujbeapqdvdlp_,n,.urlset/index-v1-a1.m3u8?t=L5fxkR2LCtGW214A2-hB3CM2LhGQVWkBugmgX1GS1II&s=1773936673&e=14400&f=64579201&node=lG4fhWy3Ya/s7A605bVApxePNEeWFQr0aMRR+cKCkdI=&i=89.125&sp=2500&asn=1&q=n&rq=CS7iSK6J4jPGHPTEJsZYk46RkaBCLHgZBTRsbdQw
2026-03-19 19:20:45.193	download_click	https://cdn-34ppf4n1zgx9ubgc.edgeon-bandwidth.com/engine/hls2/01/12263/4e5ujjuc2oqc_,n,.urlset/index-v1-a1.m3u8?t=OWgGi6sacsRGp4odDKkEUGn7tMSHP77-eXdwYUJqZ88&s=1773937232&e=14400&f=61318863&node=gbR2FVWUEnUExeqDx8emmWiNsGleSesjKKTykKt/rL8=&i=89.125&sp=2500&asn=1&q=n&rq=CS7iSK6J4jPGHPTEJsZYk46RkaBCLHgZBTRsbdQw
2026-03-19 22:18:02.516	download_click	https://cdn-qhprfsocodpaz7yp.edgeon-bandwidth.com/engine/hls2/01/15629/ccomcm3uad17_,n,.urlset/index-v1-a1.m3u8?t=PzDUlz2slZ4r3A379IHsR4NU_ACHMYnq0-4S-DfMp4E&s=1773947868&e=14400&f=78147986&node=ESji19lYm0OPW1t925Z+MDkX+Xj6OyD+/abM2KdqKrg=&i=89.125&sp=2500&asn=1&q=n&rq=0pRvzzFaUARhgmKJARSelz4rJYWMYkfyXgtDOkBW
2026-03-19 22:29:08.340	download_click	https://cdn-skbjnxouspvjfe76.edgeon-bandwidth.com/engine/hls2-c/01/15629/isnrgoxiqtua_,n,.urlset/index-v1-a1.m3u8?t=26SvHAx8ilWD2w1772ZyT55ltzBolfQrM78v0ShNLDA&s=1773948534&e=14400&f=78148018&node=SZHSsRvkCzi+vj394EwIn1FNSsrLyGHN5gEj3UffCak=&i=89.125&sp=2500&asn=1&q=n&rq=0pRvzzFaUARhgmKJARSelz4rJYWMYkfyXgtDOkBW
2026-03-19 22:41:55.713	download_click	https://cdn-mwnbzmkmgszpn6np.edgeon-bandwidth.com/engine/hls2-c/01/12277/ujbeapqdvdlp_,n,.urlset/index-v1-a1.m3u8?t=YtRXRew3fq8EcRzY7OPwjYTKdG-Xk4bgVJPC2WqXfIk&s=1773949302&e=14400&f=64579201&node=lG4fhWy3Ya/s7A605bVApxePNEeWFQr0aMRR+cKCkdI=&i=89.125&sp=2500&asn=1&q=n&rq=0pRvzzFaUARhgmKJARSelz4rJYWMYkfyXgtDOkBW
2026-03-19 22:54:27.631	download_click	https://cdn-34ppf4n1zgx9ubgc.edgeon-bandwidth.com/engine/hls2/01/12263/4e5ujjuc2oqc_,n,.urlset/index-v1-a1.m3u8?t=XSe0vgdwKfACTARAVK8Vo5zGXkV56Oy2CUi-WPPVbOY&s=1773950054&e=14400&f=61318863&node=gbR2FVWUEnUExeqDx8emmWiNsGleSesjKKTykKt/rL8=&i=89.125&sp=2500&asn=1&q=n&rq=0pRvzzFaUARhgmKJARSelz4rJYWMYkfyXgtDOkBW
2026-03-19 23:05:32.352	download_click	https://cdn-0cbr3b51khzohkjo.edgeon-bandwidth.com/engine/hls2/01/11732/vjmqxeecspif_,n,.urlset/master.m3u8?t=992bznqCMBLkNgmraA9Y3bEpQoA-Hb1eqQe-vGba3dU&s=1773950721&e=14400&f=58660844&node=4WnAnj3vMN2qDo4kgT6YmD1YiMn8IgUfLiGJeVFpFdA=&i=89.125&sp=2500&asn=1&q=n&rq=0pRvzzFaUARhgmKJARSelz4rJYWMYkfyXgtDOkBW
2026-03-19 23:16:14.095	download_click	https://cdn-s9axncnqpmolwhjf.edgeon-bandwidth.com/engine/hls2/01/11668/ygjkfdceqpd7_,n,.urlset/index-v1-a1.m3u8?t=8ZZ4gabSYQ2e7WsxreV66gQMyMFQ83iGkcKxHjGJFDk&s=1773951360&e=14400&f=58340236&node=BCeQachLSBhn9CjtJ8a5NmjiOwQOySRQZJFN9sWfb0k=&i=89.125&sp=2500&asn=1&q=n&rq=0pRvzzFaUARhgmKJARSelz4rJYWMYkfyXgtDOkBW
2026-03-19 23:25:47.681	download_click	https://cdn-fmoof45plnrqaqjf.edgeon-bandwidth.com/engine/hls2-c/01/11649/udo3an1b65s9_,n,.urlset/master.m3u8?t=lgRU_LYgX13lAPoy9yfKR5vlwvUSPahD5vBVCYnr1FE&s=1773951936&e=14400&f=58245628&node=4WnAnj3vMN2qDo4kgT6YmD1YiMn8IgUfLiGJeVFpFdA=&i=89.125&sp=2500&asn=1&q=n&rq=0pRvzzFaUARhgmKJARSelz4rJYWMYkfyXgtDOkBW
2026-03-19 23:40:02.170	download_click	https://cdn-fzsi5gnge0gpz5cp.edgeon-bandwidth.com/engine/hls2/01/11136/akkgyy5sms6s_,n,.urlset/index-v1-a1.m3u8?t=33gqPocVLzKVbl7wvVGNXkaGOSiqrQZvHr9vnV68inE&s=1773952789&e=14400&f=55684817&node=uCgcMrcgBXk2wG2Wi4mze/EK2XRmSg2ZasO/6JaGhjs=&i=89.125&sp=2500&asn=1&q=n&rq=0pRvzzFaUARhgmKJARSelz4rJYWMYkfyXgtDOkBW
2026-03-19 23:51:18.339	download_click	https://cdn2.turboviplay.com/data/54qzTh74mOqrTcWcXqO3/54qzTh74mOqrTcWcXqO3.m3u8
2026-03-19 23:51:57.639	download_click	https://streamtape.com/get_video?id=JJrOj1WQGqujw4k&expires=1774023498&ip=DxysD0SOKxSHDN&token=bZriOB1PZdt2&stream=1
2026-03-20 08:08:30.471	download_click	https://hls6.turbosplayer.com/file/8835c823-ae26-11f0-a3cf-b42e99c9ae56/master.m3u8
2026-03-20 08:13:36.169	download_click	https://cdn-qhprfsocodpaz7yp.edgeon-bandwidth.com/engine/hls2/01/15629/ccomcm3uad17_,n,.urlset/master.m3u8?t=8N8vJk0oq2NE2vSgbdDOcXrAPkjhZK6ACOdjtqJbOUQ&s=1773983604&e=14400&f=78147986&node=ESji19lYm0OPW1t925Z+MDkX+Xj6OyD+/abM2KdqKrg=&i=89.125&sp=2500&asn=1&q=n&rq=KNT6PInu39thpE9DEZR3VzuQv4bhlqAhxixX9Na3
2026-03-20 08:24:25.979	download_click	https://cdn-0f49rzor22huapc5.edgeon-bandwidth.com/engine/hls2/01/15629/isnrgoxiqtua_,n,.urlset/index-v1-a1.m3u8?t=IYiiMKwWbUK3180UVaT13qOsvjEERxIN_GlCkT9jNJs&s=1773984252&e=14400&f=78148018&node=SZHSsRvkCzi+vj394EwIn1FNSsrLyGHN5gEj3UffCak=&i=89.125&sp=2500&asn=1&q=n&rq=KNT6PInu39thpE9DEZR3VzuQv4bhlqAhxixX9Na3
2026-03-20 08:34:45.685	download_click	https://cdn-xygvp1sk9y8ulkte.edgeon-bandwidth.com/engine/hls2/01/12277/ujbeapqdvdlp_,n,.urlset/index-v1-a1.m3u8?t=QyNLMpe8wXtowpyfRXGGqo4we_37QpGzHiXJBT8Bkzk&s=1773984871&e=14400&f=64579201&node=lG4fhWy3Ya/s7A605bVApxePNEeWFQr0aMRR+cKCkdI=&i=89.125&sp=2500&asn=1&q=n&rq=KNT6PInu39thpE9DEZR3VzuQv4bhlqAhxixX9Na3
2026-03-20 08:44:18.560	download_click	https://cdn-34ppf4n1zgx9ubgc.edgeon-bandwidth.com/engine/hls2/01/12263/4e5ujjuc2oqc_,n,.urlset/master.m3u8?t=3VMrBqI__Qiz9RLQrnMy6JJ_XxvPGqwF1XaoY-VX9rA&s=1773985447&e=14400&f=61318863&node=gbR2FVWUEnUExeqDx8emmWiNsGleSesjKKTykKt/rL8=&i=89.125&sp=2500&asn=1&q=n&rq=KNT6PInu39thpE9DEZR3VzuQv4bhlqAhxixX9Na3
2026-03-20 08:53:43.209	download_click	https://cdn-upla4pcujrrkyrai.edgeon-bandwidth.com/engine/hls2/01/11019/ar5bdh0asdv7_,n,.urlset/master.m3u8?t=pMweeXkiTFN0figHtiZYpIXP9wkQ6sRpze3a_B_WCI8&s=1773986012&e=14400&f=55099485&node=jEH+LZZt+9avlxWinrVBlorAMPEplhqQtb/aHla+H2M=&i=89.125&sp=2500&asn=1&q=n&rq=KNT6PInu39thpE9DEZR3VzuQv4bhlqAhxixX9Na3
2026-03-20 09:10:36.792	download_click	https://hls4.turbosplayer.com/file/fdfca8db-021d-11f1-b04d-a8a159a29ba4/master.m3u8
2026-03-20 10:45:21.472	download_click	https://cdn-50kcbgjki0zzkzns.edgeon-bandwidth.com/engine/hls2/01/12824/vnfnknjl4rrv_,n,.urlset/index-v1-a1.m3u8?t=jEzDgVMoTsBZsMMJBVrlpRO7HMoJCWeYrQ2AokCq1k0&s=1773992709&e=14400&f=64123932&node=emFhWynNOGuv3pisMCjfukJkzsCosm5hJLraAZ+l22o=&i=89.125&sp=2500&asn=1&q=n&rq=7p3Bd9FizUQLMYYDv1EMMJqrUcjBPFksXMM7B97x
2026-03-20 10:59:06.410	download_click	https://cdn-lglttksvjqjetqih.edgeon-bandwidth.com/engine/hls2/01/12160/zstlbm2zbosb_,n,.urlset/index-v1-a1.m3u8?t=aMHVOei_rxJ6nz8PWgmkVtrHcNtxyUbLZjlt3NnfqHI&s=1773993532&e=14400&f=64282241&node=+2bpgJxXD7r0sv08PpTAO10XicJpMqJ6crJQWOZy8GQ=&i=89.125&sp=2500&asn=1&q=n&rq=7p3Bd9FizUQLMYYDv1EMMJqrUcjBPFksXMM7B97x
2026-03-20 11:21:43.320	download_click	https://media-hls.saawsedge.com/b-hls-02/174167667/174167667_240p.m3u8
2026-03-20 11:22:04.192	download_click	https://media-hls.saawsedge.com/b-hls-02/174167667/174167667_240p.m3u8
2026-03-20 13:55:22.294	download_click	https://cdn-akdkkpgeamxnmajo.edgeon-bandwidth.com/engine/hls2/01/16348/kw4gtue4pyoj_,n,.urlset/index-v1-a1.m3u8?t=csfIyHf2BMXk5J8XZp4faUsztzaei2q2VgqB_UPjLd4&s=1774004108&e=14400&f=81743331&node=HB8iCBcpYnZp8MkwS5fcr7wCP1aWWzbRFKpt5IclHZs=&i=89.125&sp=2500&asn=1&q=n&rq=rSzFWnxrYjoyOGR7IFTS6j4yLarYKEZmXON9NT73
2026-03-20 14:14:35.527	download_click	https://cdn2.turboviplay.com/data/uAkIZ1aGNjfq4K1PRg3n/uAkIZ1aGNjfq4K1PRg3n.m3u8
2026-03-20 14:15:12.533	download_click	https://streamtape.com/get_video?id=ajzko1yL6dHQZo&expires=1774075293&ip=DxysD0SOKxSHDN&token=l-imWo8p7N13&stream=1
2026-03-20 15:50:38.427	download_click	https://hls5.turbosplayer.com/file/c53ddbe8-e545-11f0-9661-a036bca6dac8/master.m3u8
2026-03-20 16:35:33.586	download_click	https://cdn-qtt8e0wdh3adc5mb.edgeon-bandwidth.com/engine/hls2/01/16037/awhfe3ehquac_,n,.urlset/index-v1-a1.m3u8?t=XYBQuX9M9EtRJz0reVyIA4AIwxtV_nA8Fi1YWLHFWWo&s=1774013719&e=14400&f=80186390&node=2v3NeYRjqyuctMN0nelLD238EmM28det2FdTtDCUDZs=&i=89.125&sp=2500&asn=1&q=n&rq=Ix28PaBttgz8NMxJ0LpbCirho2Tsa7xx2ejg4DgC
2026-03-20 16:54:14.347	download_click	https://cdn-v40ys08d7ceifgsy.edgeon-bandwidth.com/engine/hls2/01/15486/ekaqq0ipffsw_,n,.urlset/index-v1-a1.m3u8?t=w45DIoY3Jx5P1q8Dk4S0M9W7f0jtMsH82nl_OqIqYME&s=1774014840&e=14400&f=77431152&node=h5c2oUAb1XaXZ1oq0hMWpVsr/PhXaw0b2lEjx8EPXGk=&i=89.125&sp=2500&asn=1&q=n&rq=Ix28PaBttgz8NMxJ0LpbCirho2Tsa7xx2ejg4DgC
2026-03-20 17:02:35.990	download_click	https://cdn-jskkcc2bycmlhjaf.edgeon-bandwidth.com/engine/hls2/01/15387/dn8q6mr3xitw_,n,.urlset/index-v1-a1.m3u8?t=xC3gcM15NcQstgurlDaau0Ffa9sy8xEALZZK_gdWdVE&s=1774015341&e=14400&f=76937818&node=ZYUtiwOZprYX2uTlI43nctwk8nbQ5NzA0wPG02UH1pc=&i=89.125&sp=2500&asn=1&q=n&rq=Ix28PaBttgz8NMxJ0LpbCirho2Tsa7xx2ejg4DgC
2026-03-20 17:10:55.558	download_click	https://cdn-3fw44wnkxqhmqhp5.edgeon-bandwidth.com/engine/hls2/01/15210/ztxrovj4ihyj_,n,.urlset/index-v1-a1.m3u8?t=9_SkVvZyqDYPB6fVX7AqDSJ8j3t-sWMilT52o9-ddGc&s=1774015842&e=14400&f=76052363&node=FPYruvgfgORaUYuYfpByMgjFbC8X/HWKW1utbUQQRyQ=&i=89.125&sp=2500&asn=1&q=n&rq=Ix28PaBttgz8NMxJ0LpbCirho2Tsa7xx2ejg4DgC
2026-03-20 17:19:37.099	download_click	https://cdn-wko1g1on3olvqb8x.edgeon-bandwidth.com/engine/hls2/01/15102/k3bpfwld08vp_,n,.urlset/index-v1-a1.m3u8?t=Rt2-SN5z7usIRwO-05fo28KhRR3pS5PmecUK_TsVzTY&s=1774016363&e=14400&f=75510730&node=KOGIholrWu4Qs/N9WngBVWCHml0jbbyWhDJPGAYGXJA=&i=89.125&sp=2500&asn=1&q=n&rq=Ix28PaBttgz8NMxJ0LpbCirho2Tsa7xx2ejg4DgC
2026-03-20 17:30:04.337	download_click	https://cdn-r8tciajiuxjrx3pr.edgeon-bandwidth.com/engine/hls2/01/14359/33wzml2alipb_,n,.urlset/master.m3u8?t=5q3s1MRFe1udzI0w52PC3I2mAMYm4wH4rgo6hp2kMdw&s=1774016992&e=14400&f=71796021&node=rnyAsHaLkRiZuBMOE+9Sy63U/hv1xsgp7D495xgI0LU=&i=89.125&sp=2500&asn=1&q=n&rq=Ix28PaBttgz8NMxJ0LpbCirho2Tsa7xx2ejg4DgC
2026-03-20 17:38:34.071	download_click	https://cdn-yqvpkl6pzim3sklw.edgeon-bandwidth.com/engine/hls2/01/14022/i4vksvbogjwm_,n,.urlset/master.m3u8?t=AG6IU7ZQ7PjqnO62AcA8FheNU1GW-ptmaaVNYKD6T6Y&s=1774017502&e=14400&f=70113878&node=AFxjvMybdTWWzeMxaQ1Lmt9u1zpuciMsFlk08c3gGt0=&i=89.125&sp=2500&asn=1&q=n&rq=Ix28PaBttgz8NMxJ0LpbCirho2Tsa7xx2ejg4DgC
2026-03-20 17:47:11.113	download_click	https://cdn-ynh9qlar41p8w66p.edgeon-bandwidth.com/engine/hls2-c/01/16783/pz4e37whw8ok_,n,.urlset/index-v1-a1.m3u8?t=BxRyoMECf9OKOrefG1U7Zz1kZ5y11FRDcD-kpbcMl2Q&s=1774018019&e=14400&f=83918086&node=bfinFs4uSrnmOxDmHRx4b4ZjH1INnkx85htkLPWfDV4=&i=89.125&sp=2500&asn=1&q=n&rq=Ix28PaBttgz8NMxJ0LpbCirho2Tsa7xx2ejg4DgC
2026-03-20 17:55:54.832	download_click	https://hls3.turbosplayer.com/file/4ea571e5-b479-11ef-bba4-901b0eb894f0/master.m3u8
2026-03-23 09:28:33.173	download_click	https://cdn-ogeg9hyzfcokkgab.edgeon-bandwidth.com/engine/hls2/01/15499/z6gtn5dbryvm_,n,.urlset/index-v1-a1.m3u8?t=i8KkQwijs44-drK1mCSXElU7KJ-z5HD8jnvb09ftj88&s=1774247255&e=14400&f=77496129&node=eDXIyMm3fd7yAfOx7IsJw0QTJp6k/KR+P6PSDJj0Kks=&i=95.161&sp=2500&asn=42065&q=n&rq=IT9GKor6sYMbBQ7tlmfuK42ajwh5nlXCycglBPKm
2026-03-23 09:31:59.044	download_click	https://cdn-34ppf4n1zgx9ubgc.edgeon-bandwidth.com/engine/hls2/01/16173/h703ohu9ptc7_,n,.urlset/index-v1-a1.m3u8?t=vr61IWcUH4AsHIy919Wx0aERF7PjHIiynxRezf2AB5g&s=1774247507&e=14400&f=80868953&node=gbR2FVWUEnUExeqDx8emmWiNsGleSesjKKTykKt/rL8=&i=89.125&sp=2500&asn=1&q=n&rq=IT9GKor6sYMbBQ7tlmfuK42ajwh5nlXCycglBPKm
2026-03-23 09:41:30.201	download_click	https://cdn-ogeg9hyzfcokkgab.edgeon-bandwidth.com/engine/hls2/01/15499/z6gtn5dbryvm_,n,.urlset/master.m3u8?t=sbCpd4Y9ohMYb8qiCtMKIbAFgFcsVzckZbM4UPk40x8&s=1774248080&e=14400&f=77496129&node=eDXIyMm3fd7yAfOx7IsJw0QTJp6k/KR+P6PSDJj0Kks=&i=89.125&sp=2500&asn=1&q=n&rq=IT9GKor6sYMbBQ7tlmfuK42ajwh5nlXCycglBPKm
2026-03-23 09:51:10.293	download_click	https://hls3.turbosplayer.com/file/4ea571e5-b479-11ef-bba4-901b0eb894f0/master.m3u8
2026-03-23 11:14:32.101	download_click	https://cdn2.turboviplay.com/data/66ea46a23cf14/66ea46a23cf14.m3u8
2026-03-23 11:15:13.130	download_click	https://streamtape.com/get_video?id=M0QXg88D92Hm3RA&expires=1774323696&ip=DxysD0SOKxSHDN&token=Np-3V3wHDSN7&stream=1
2026-03-23 12:02:40.538	download_click	https://hls3.turbosplayer.com/file/4ea571e5-b479-11ef-bba4-901b0eb894f0/master.m3u8
2026-03-23 12:12:45.698	download_click	https://cdn-6li7ojwnpwqec5ts.edgeon-bandwidth.com/engine/hls2/01/16606/bikth5epn2ox_,n,.urlset/index-v1-a1.m3u8?t=ON-c505gmP57-GACtSe_gzbnwrqRo5VCrDumNREV31g&s=1774257154&e=14400&f=83033716&node=eyhOb/JxnYbP4ol38Hq2+4dDdtDXmLZYYZkzQIyLeU0=&i=89.125&sp=2500&asn=1&q=n&rq=ZPRNBZGtGekqIJbPg6AaXVnTJOHeU5FMCu5vSNsT
2026-03-23 12:25:10.257	download_click	https://cdn-sfnsinjpdchvx5hn.edgeon-bandwidth.com/engine/hls2/01/11616/duyyi1cor4og_,n,.urlset/index-v1-a1.m3u8?t=vNRbUT6GfU8I93XIH0bVAqtsUjW8CeJHripYodrri1U&s=1774257898&e=14400&f=58083863&node=4PsnFuWqRPls/SLEzVjU6fvLX9YKA7AWjyXiYmoD/zo=&i=89.125&sp=2500&asn=1&q=n&rq=ZPRNBZGtGekqIJbPg6AaXVnTJOHeU5FMCu5vSNsT
2026-03-23 12:34:59.565	download_click	https://cdn-2fdigukpmyfidyga.edgeon-bandwidth.com/engine/hls2/01/11180/z7h9roircwsi_,n,.urlset/index-v1-a1.m3u8?t=ndFLztRAL8gKqH1JNSalbysPS9lrgfHMbN3j1xokEKc&s=1774258488&e=14400&f=58629351&node=RL6f3ePXF50FOeYOY1y0RmYWgYEw1L8kTpF14dLXy94=&i=89.125&sp=2500&asn=1&q=n&rq=ZPRNBZGtGekqIJbPg6AaXVnTJOHeU5FMCu5vSNsT
2026-03-23 12:51:42.022	download_click	https://cdn-xbgxxj1rmjfsvbaj.edgeon-bandwidth.com/engine/hls2/01/11111/vthuwuvnfneb_,n,.urlset/index-v1-a1.m3u8?t=bvDmCcmiM4Q7I9m_2ETGevYnHTx9mJ0n-PCfHtj_-kA&s=1774259490&e=14400&f=55558013&node=zHgw5k0rhheLLC8exeFfi++1GoJa2Jo7z1iVRt/Q5e8=&i=89.125&sp=2500&asn=1&q=n&rq=ZPRNBZGtGekqIJbPg6AaXVnTJOHeU5FMCu5vSNsT
2026-03-23 13:00:42.681	download_click	https://cdn-u4yfpsfvtp7chlfm.edgeon-bandwidth.com/engine/hls2/01/11055/axaorwuz3gax_,n,.urlset/index-v1-a1.m3u8?t=ZEyCIMrapUE--KJITwrgGdXSf8_-60vUWXfsr6-r1Rw&s=1774260031&e=14400&f=55278789&node=Z4cXFVV/hx4Owcg6JVQWyTLxPD1MV6a4NvuwqweGlkM=&i=89.125&sp=2500&asn=1&q=n&rq=ZPRNBZGtGekqIJbPg6AaXVnTJOHeU5FMCu5vSNsT
2026-03-23 13:10:02.359	download_click	https://cdn2.turboviplay.com/data/AzjK2hYtNMC1Nn3K99xb/AzjK2hYtNMC1Nn3K99xb.m3u8
2026-03-23 13:10:51.170	download_click	https://cdn-3fw44wnkxqhmqhp5.edgeon-bandwidth.com/engine/hls2/01/11029/rsj5egegdl7s_,n,.urlset/index-v1-a1.m3u8?t=hTTLEcdaLi6c6QMZbtDKo5MzbraFwFR377mWLmNtX3w&s=1774260639&e=14400&f=55146746&node=FPYruvgfgORaUYuYfpByMgjFbC8X/HWKW1utbUQQRyQ=&i=89.125&sp=2500&asn=1&q=n&rq=ZPRNBZGtGekqIJbPg6AaXVnTJOHeU5FMCu5vSNsT
2026-03-23 13:39:08.774	download_click	https://hls3.turbosplayer.com/file/4ea571e5-b479-11ef-bba4-901b0eb894f0/master.m3u8
2026-03-23 13:50:36.361	download_click	https://cdn-wko1g1on3olvqb8x.edgeon-bandwidth.com/engine/hls2/01/12234/ffoxrdwwwpp9_,n,.urlset/index-v1-a1.m3u8?t=eN9YZto8-HpEFNEYeF0o_aaPH28Us3ElF0DgRJKws9Y&s=1774263025&e=14400&f=61174099&node=KOGIholrWu4Qs/N9WngBVWCHml0jbbyWhDJPGAYGXJA=&i=89.125&sp=2500&asn=1&q=n&rq=ZPRNBZGtGekqIJbPg6AaXVnTJOHeU5FMCu5vSNsT
2026-03-23 14:00:37.146	download_click	https://cdn2.turboviplay.com/data/AzjK2hYtNMC1Nn3K99xb/AzjK2hYtNMC1Nn3K99xb.m3u8
2026-03-23 14:01:25.773	download_click	https://cdn-kqpxthtqbeyo97hm.edgeon-bandwidth.com/engine/hls2/01/11020/xkaqn4nyycr8_,n,.urlset/index-v1-a1.m3u8?t=69nyzJ5jVNYpjOkqM_6g0qF77Bqt6Dyqk5uaSTTqqiQ&s=1774263674&e=14400&f=55100177&node=hg7PGsGVZYOY68f6mOhvXMWx8eV9vWM5f+Mfj7RSTc8=&i=89.125&sp=2500&asn=1&q=n&rq=ZPRNBZGtGekqIJbPg6AaXVnTJOHeU5FMCu5vSNsT
2026-03-23 14:09:22.000	download_click	https://cdn-rjr5gkb5baki8g2f.edgeon-bandwidth.com/engine/hls2/01/11004/firfcz25u3dr_,n,.urlset/index-v1-a1.m3u8?t=_h2gjQNv-skKINUMf1Jj51wRTqpGbZIv0Xhp2VpObK8&s=1774264151&e=14400&f=55022358&node=j9A3uKlh9EJIvaW3p3v65VuzDBUEiinc24sqRscdXcg=&i=89.125&sp=2500&asn=1&q=n&rq=ZPRNBZGtGekqIJbPg6AaXVnTJOHeU5FMCu5vSNsT
2026-03-23 14:32:51.577	download_click	https://cdn-yf64cjytox0jmhrc.edgeon-bandwidth.com/engine/hls2/01/10981/58nbm1nrdbmo_,n,.urlset/index-v1-a1.m3u8?t=CvEQGIrIncFPE4cvi-FWcWzn5udfR8aY2S8YioODROs&s=1774265561&e=14400&f=54907698&node=mKx5F4aJrjMeBy+aCKnGlQnfiFquVhUye8QV+hsvST0=&i=89.125&sp=2500&asn=1&q=n&rq=ZPRNBZGtGekqIJbPg6AaXVnTJOHeU5FMCu5vSNsT
2026-03-23 14:42:37.766	download_click	https://cdn-34ppf4n1zgx9ubgc.edgeon-bandwidth.com/engine/hls2/01/10973/jdxgirz4c36e_,n,.urlset/index-v1-a1.m3u8?t=a7mhA2Zdgzzeiv7vlceXGAia72G3KWCnEHSjOH3YpZE&s=1774266147&e=14400&f=54869256&node=gbR2FVWUEnUExeqDx8emmWiNsGleSesjKKTykKt/rL8=&i=89.125&sp=2500&asn=1&q=n&rq=ZPRNBZGtGekqIJbPg6AaXVnTJOHeU5FMCu5vSNsT
2026-03-23 14:57:48.354	download_click	https://cdn-kygwjih1ufdh3wcy.edgeon-bandwidth.com/engine/hls2/01/10937/v034xptjcaxi_,n,.urlset/index-v1-a1.m3u8?t=FJanQhCk1MqcrdHf4t7TAtg-e6ZZoEsoXv4Hh21hTYU&s=1774267057&e=14400&f=54689211&node=ygg9xeD1IuOzpb8g1l//UAm6/B1N0FFkIWUHRna0go4=&i=89.125&sp=2500&asn=1&q=n&rq=ZPRNBZGtGekqIJbPg6AaXVnTJOHeU5FMCu5vSNsT
2026-03-23 15:05:35.941	download_click	https://cdn-rg6oqeyreiawc7ir.edgeon-bandwidth.com/engine/hls2/01/10904/ctu0xg0ytlpf_,n,.urlset/index-v1-a1.m3u8?t=BLm9oaYCMBnS_SWHH2IqhA3UvZeJyE6ZZAVKFk4PlXE&s=1774267525&e=14400&f=54520468&node=SvuPdIaEvq9SwuJDhf5aT75d2h3qOT/F8orlMr+V6iM=&i=89.125&sp=2500&asn=1&q=n&rq=ZPRNBZGtGekqIJbPg6AaXVnTJOHeU5FMCu5vSNsT
2026-03-23 15:15:08.238	download_click	https://cdn-p3qosxlihxv3qtq0.edgeon-bandwidth.com/engine/hls2/01/10877/7pwgh2sbre1i_,n,.urlset/index-v1-a1.m3u8?t=qdBd1kmyoyB00nOhuWMiv3mOQsN4hXRdWna2N_o8Q2w&s=1774268097&e=14400&f=57249228&node=lxiKj63/2ULjVa8H1FYfU72ZxLdn02zeCTgM6pfU1O0=&i=89.125&sp=2500&asn=1&q=n&rq=ZPRNBZGtGekqIJbPg6AaXVnTJOHeU5FMCu5vSNsT
2026-03-23 15:24:34.852	download_click	https://cdn-l5dervschske6k1j.edgeon-bandwidth.com/engine/hls2/01/10838/2cmbhwtvtoow_,n,.urlset/master.m3u8?t=DEcYtim-1cJ02gbIQIzxynfsFBhA6tE6Cs7hx9tZCxI&s=1774268665&e=14400&f=54192342&node=JxQn4LI6CUj/L3H+WtvRXUGoa8rNrOI5EKJr5EXRLVc=&i=89.125&sp=2500&asn=1&q=n&rq=ZPRNBZGtGekqIJbPg6AaXVnTJOHeU5FMCu5vSNsT
2026-03-23 15:34:23.560	download_click	https://cdn-cgzieb2bydubeexe.edgeon-bandwidth.com/engine/hls2/01/10809/hgzvxrisasxu_,n,.urlset/index-v1-a1.m3u8?t=A6D88lqZGwuwmJdiQkYNrc34ZxQSv-Yl4dKAsRrkzBg&s=1774269253&e=14400&f=54046673&node=7mPJlbbjzNIXit0tmVT8Q0YUpafHTsCZP21geepLzWU=&i=89.125&sp=2500&asn=1&q=n&rq=ZPRNBZGtGekqIJbPg6AaXVnTJOHeU5FMCu5vSNsT
2026-03-23 15:58:13.194	download_click	https://cdn-2gleqxg08naupyvz.edgeon-bandwidth.com/engine/hls2/01/10766/ca9uugcbdv5j_,n,.urlset/index-v1-a1.m3u8?t=qr9ztrUmKKNJ7fjAnvx5tPIb0QmoB7VtEqeyb9R9tZ4&s=1774270682&e=14400&f=53833344&node=4LGAMh8o8XDdh9GyDh/zPBfQeD/JdRIqe16LTbNYigs=&i=89.125&sp=2500&asn=1&q=n&rq=ZPRNBZGtGekqIJbPg6AaXVnTJOHeU5FMCu5vSNsT
2026-03-23 16:07:40.790	download_click	https://cdn-fkm7kxj6cbajfzl9.edgeon-bandwidth.com/engine/hls2/01/10720/vwbakm4jtivq_,n,.urlset/index-v1-a1.m3u8?t=WB2ifBsHTn5RfF-Gxg7DLagYgnhZgEE2b5hSM7-5UPs&s=1774271250&e=14400&f=57249231&node=F1buFkWdFSsVUU0eLhLqAZIMt58FFS9+Qe0Acjz27Rw=&i=89.125&sp=2500&asn=1&q=n&rq=ZPRNBZGtGekqIJbPg6AaXVnTJOHeU5FMCu5vSNsT
2026-03-23 16:16:41.879	download_click	https://cdn-htb6nx3sbh5yjtbq.edgeon-bandwidth.com/engine/hls2-c/01/10705/pwgekngyuyuy_,n,.urlset/index-v1-a1.m3u8?t=WEQz6dR3xP1afMWs1GDK1cJ3nW2wXnLyqGfTLKSSBck&s=1774271791&e=14400&f=53528841&node=W8dpz45S+7Gp2HVIZiOucuLrO64bFdpdjgTxSHXK17Y=&i=89.125&sp=2500&asn=1&q=n&rq=ZPRNBZGtGekqIJbPg6AaXVnTJOHeU5FMCu5vSNsT
2026-03-23 16:27:00.428	download_click	https://cdn-gi44ckdfnm99vidr.edgeon-bandwidth.com/engine/hls2/01/10386/fetic0jbuh4c_,n,.urlset/index-v1-a1.m3u8?t=a5C23JAynyw69dcV5gXPTgqLYZpQ4OtMspPox20JP9o&s=1774272409&e=14400&f=51930305&node=F4M3WQ74E+YxYp1ngHfYdN3eO+NE01nJ+SvVvDog8zM=&i=89.125&sp=2500&asn=1&q=n&rq=ZPRNBZGtGekqIJbPg6AaXVnTJOHeU5FMCu5vSNsT
2026-03-23 16:39:29.038	download_click	https://cdn2.turboviplay.com/data/80bDbLzudEsbhRT5MICv/80bDbLzudEsbhRT5MICv.m3u8
2026-03-23 16:40:20.734	download_click	https://cdn2.turboviplay.com/data/clZCr0ZzKMHZZbOWKt1K/clZCr0ZzKMHZZbOWKt1K.m3u8
2026-03-23 16:41:22.090	download_click	https://cdn2.turboviplay.com/data/co9wALQskij10WsKJeVX/co9wALQskij10WsKJeVX.m3u8
2026-03-23 16:42:20.463	download_click	https://cdn2.turboviplay.com/data/nGG3jtAbZCChkUElyWcW/nGG3jtAbZCChkUElyWcW.m3u8
2026-03-23 16:43:25.919	download_click	https://cdn2.turboviplay.com/data/JQqzpW9cVqE2CYhEpFPt/JQqzpW9cVqE2CYhEpFPt.m3u8
2026-03-23 16:44:29.537	download_click	https://streamtape.com/get_video?id=oxP7xQZo8VUO4d&expires=1774343452&ip=DxysD0SOKxSHDN&token=TUw9DcnUqh1g&stream=1
2026-03-23 17:24:03.305	download_click	https://streamtape.com/get_video?id=6WWWGDR13ei9zL0&expires=1774345826&ip=DxysD0SOKxSHDN&token=wwjoLtHQLv0v&stream=1
2026-03-23 18:33:41.169	download_click	https://hls3.turbosplayer.com/file/4ea571e5-b479-11ef-bba4-901b0eb894f0/master.m3u8
2026-03-23 18:47:49.798	download_click	https://cdn2.turboviplay.com/data/AzjK2hYtNMC1Nn3K99xb/AzjK2hYtNMC1Nn3K99xb.m3u8
2026-03-23 18:50:10.653	download_click	https://cdn2.turboviplay.com/data/80bDbLzudEsbhRT5MICv/80bDbLzudEsbhRT5MICv.m3u8
2026-03-23 18:51:02.608	download_click	https://cdn2.turboviplay.com/data/clZCr0ZzKMHZZbOWKt1K/clZCr0ZzKMHZZbOWKt1K.m3u8
2026-03-23 18:52:04.429	download_click	https://cdn2.turboviplay.com/data/co9wALQskij10WsKJeVX/co9wALQskij10WsKJeVX.m3u8
2026-03-23 18:53:02.900	download_click	https://cdn2.turboviplay.com/data/nGG3jtAbZCChkUElyWcW/nGG3jtAbZCChkUElyWcW.m3u8
2026-03-23 18:54:08.604	download_click	https://cdn2.turboviplay.com/data/JQqzpW9cVqE2CYhEpFPt/JQqzpW9cVqE2CYhEpFPt.m3u8
2026-03-23 18:55:11.774	download_click	https://streamtape.com/get_video?id=6WWWGDR13ei9zL0&expires=1774351291&ip=DxysD0SOKxSHDN&token=cZgo4ZW5oWtb&stream=1
2026-03-23 20:36:26.625	download_click	https://hls3.turbosplayer.com/file/4ea571e5-b479-11ef-bba4-901b0eb894f0/master.m3u8
2026-03-23 20:53:52.476	download_click	https://cdn2.turboviplay.com/data/80bDbLzudEsbhRT5MICv/80bDbLzudEsbhRT5MICv.m3u8
2026-03-23 20:54:45.985	download_click	https://cdn2.turboviplay.com/data/clZCr0ZzKMHZZbOWKt1K/clZCr0ZzKMHZZbOWKt1K.m3u8
2026-03-23 20:55:48.472	download_click	https://cdn2.turboviplay.com/data/co9wALQskij10WsKJeVX/co9wALQskij10WsKJeVX.m3u8
2026-03-23 20:56:47.863	download_click	https://cdn2.turboviplay.com/data/nGG3jtAbZCChkUElyWcW/nGG3jtAbZCChkUElyWcW.m3u8
2026-03-23 20:57:54.167	download_click	https://cdn2.turboviplay.com/data/JQqzpW9cVqE2CYhEpFPt/JQqzpW9cVqE2CYhEpFPt.m3u8
2026-03-23 20:58:58.093	download_click	https://streamtape.com/get_video?id=6WWWGDR13ei9zL0&expires=1774358717&ip=DxysD0SOKxSHDN&token=gwHlH9XHtL6t&stream=1
2026-03-23 21:31:36.070	download_click	https://hls3.turbosplayer.com/file/4ea571e5-b479-11ef-bba4-901b0eb894f0/master.m3u8
2026-03-23 21:44:19.151	download_click	https://cdn2.turboviplay.com/data/AzjK2hYtNMC1Nn3K99xb/AzjK2hYtNMC1Nn3K99xb.m3u8
2026-03-23 21:46:39.982	download_click	https://cdn2.turboviplay.com/data/80bDbLzudEsbhRT5MICv/80bDbLzudEsbhRT5MICv.m3u8
2026-03-23 21:47:31.966	download_click	https://cdn2.turboviplay.com/data/clZCr0ZzKMHZZbOWKt1K/clZCr0ZzKMHZZbOWKt1K.m3u8
2026-03-23 21:48:33.393	download_click	https://cdn2.turboviplay.com/data/co9wALQskij10WsKJeVX/co9wALQskij10WsKJeVX.m3u8
2026-03-23 21:49:31.560	download_click	https://cdn2.turboviplay.com/data/nGG3jtAbZCChkUElyWcW/nGG3jtAbZCChkUElyWcW.m3u8
2026-03-23 21:50:36.965	download_click	https://cdn2.turboviplay.com/data/JQqzpW9cVqE2CYhEpFPt/JQqzpW9cVqE2CYhEpFPt.m3u8
2026-03-24 07:16:04.603	download_click	https://hls3.turbosplayer.com/file/4ea571e5-b479-11ef-bba4-901b0eb894f0/master.m3u8
2026-03-24 07:31:28.620	download_click	https://cdn2.turboviplay.com/data/AzjK2hYtNMC1Nn3K99xb/AzjK2hYtNMC1Nn3K99xb.m3u8
2026-03-24 07:33:48.819	download_click	https://cdn2.turboviplay.com/data/80bDbLzudEsbhRT5MICv/80bDbLzudEsbhRT5MICv.m3u8
2026-03-24 07:34:40.682	download_click	https://cdn2.turboviplay.com/data/clZCr0ZzKMHZZbOWKt1K/clZCr0ZzKMHZZbOWKt1K.m3u8
2026-03-24 07:35:42.407	download_click	https://cdn2.turboviplay.com/data/co9wALQskij10WsKJeVX/co9wALQskij10WsKJeVX.m3u8
2026-03-24 07:36:40.956	download_click	https://cdn2.turboviplay.com/data/nGG3jtAbZCChkUElyWcW/nGG3jtAbZCChkUElyWcW.m3u8
2026-03-24 07:37:46.398	download_click	https://cdn2.turboviplay.com/data/JQqzpW9cVqE2CYhEpFPt/JQqzpW9cVqE2CYhEpFPt.m3u8
2026-03-24 07:45:32.105	download_click	https://hls3.turbosplayer.com/file/4ea571e5-b479-11ef-bba4-901b0eb894f0/master.m3u8
2026-03-24 07:59:35.834	download_click	https://hls3.turbosplayer.com/file/4ea571e5-b479-11ef-bba4-901b0eb894f0/master.m3u8
2026-03-24 12:11:28.234	download_click	https://hls3.turbosplayer.com/file/4ea571e5-b479-11ef-bba4-901b0eb894f0/master.m3u8
2026-03-24 12:24:18.347	download_click	https://cdn2.turboviplay.com/data/AzjK2hYtNMC1Nn3K99xb/AzjK2hYtNMC1Nn3K99xb.m3u8
2026-03-24 12:26:38.951	download_click	https://cdn2.turboviplay.com/data/80bDbLzudEsbhRT5MICv/80bDbLzudEsbhRT5MICv.m3u8
2026-03-24 12:27:30.831	download_click	https://cdn2.turboviplay.com/data/clZCr0ZzKMHZZbOWKt1K/clZCr0ZzKMHZZbOWKt1K.m3u8
2026-03-24 12:28:32.559	download_click	https://cdn2.turboviplay.com/data/co9wALQskij10WsKJeVX/co9wALQskij10WsKJeVX.m3u8
2026-03-24 12:29:31.232	download_click	https://cdn2.turboviplay.com/data/nGG3jtAbZCChkUElyWcW/nGG3jtAbZCChkUElyWcW.m3u8
2026-03-24 12:30:36.900	download_click	https://cdn2.turboviplay.com/data/JQqzpW9cVqE2CYhEpFPt/JQqzpW9cVqE2CYhEpFPt.m3u8
2026-03-24 12:35:46.346	download_click	https://cdn-wko1g1on3olvqb8x.edgeon-bandwidth.com/engine/hls2/01/12234/ffoxrdwwwpp9_,n,.urlset/index-v1-a1.m3u8?t=X8c9NOwAeSnMfoOyk6cd8cO0oreob6aRWsrZuOGZcd4&s=1774344933&e=14400&f=61174099&node=KOGIholrWu4Qs/N9WngBVWCHml0jbbyWhDJPGAYGXJA=&i=89.125&sp=2500&asn=1&q=n&rq=AwVBWciksf9J1EpBqOEyph97bruzEUim4pXIqNY1
2026-03-24 12:57:51.018	download_click	https://cdn-xygvp1sk9y8ulkte.edgeon-bandwidth.com/engine/hls2/01/16726/rtaxicpl2l2h_,n,.urlset/index-v1-a1.m3u8?t=H_xb47Pns0PIbCqFPngPOBvhAP5ScJe90pfX76ayT6E&s=1774346258&e=14400&f=83633426&node=lG4fhWy3Ya/s7A605bVApxePNEeWFQr0aMRR+cKCkdI=&i=89.125&sp=2500&asn=1&q=n&rq=AwVBWciksf9J1EpBqOEyph97bruzEUim4pXIqNY1
2026-03-24 13:09:33.739	download_click	https://cdn-xmbefiqq1rks9rbn.edgeon-bandwidth.com/engine/hls2/01/16703/mlw5mqzafqwr_,n,.urlset/index-v1-a1.m3u8?t=TW8k2rODY3fe32BMHjACbqNS1fEMYAZrzVOU7Eedo3k&s=1774346961&e=14400&f=83517706&node=LpIuEZanhrjhDAR86BMhkgyFeSPcfAN8BT7s3Ll+zKU=&i=89.125&sp=2500&asn=1&q=n&rq=AwVBWciksf9J1EpBqOEyph97bruzEUim4pXIqNY1
2026-03-24 13:21:41.119	download_click	https://cdn-o92n1eqci9twxhqi.edgeon-bandwidth.com/engine/hls2/01/16675/uhetpbq8y6ue_,n,.urlset/index-v1-a1.m3u8?t=P-m-3AbAqvIKE7x8FsRVW9BV7zJeu2MNrwdwRaDPA5A&s=1774347689&e=14400&f=83376100&node=kffQiIiLL3t5HEaCXmpbOHfVR/lt4JGbBRkc471ieNY=&i=89.125&sp=2500&asn=1&q=n&rq=AwVBWciksf9J1EpBqOEyph97bruzEUim4pXIqNY1
2026-03-24 13:31:28.170	download_click	https://cdn-l5dervschske6k1j.edgeon-bandwidth.com/engine/hls2/01/16668/lcmf4nsuop2m_,n,.urlset/index-v1-a1.m3u8?t=R-Eqa3NuUQ81K9UDBPkQv0Ye2G7kauxbChv_bRSOsnk&s=1774348275&e=14400&f=83344227&node=JxQn4LI6CUj/L3H+WtvRXUGoa8rNrOI5EKJr5EXRLVc=&i=89.125&sp=2500&asn=1&q=n&rq=AwVBWciksf9J1EpBqOEyph97bruzEUim4pXIqNY1
2026-03-24 13:47:48.207	download_click	https://hls1.turbosplayer.com/file/1daff852-0c1c-11f1-abf5-a0369f86c83c/master.m3u8
2026-03-24 14:43:15.521	download_click	https://cdn-tcixikozel9gpcej.edgeon-bandwidth.com/engine/hls2/01/16526/vsrk9mqfnxbj_,n,.urlset/index-v1-a1.m3u8?t=Nd4MZd50JJjYXPSjl0eB2MWfHEHXvmeWCswk_IvawNY&s=1774352583&e=14400&f=82630598&node=ENDBUx+kMcJN2ZoJm8SKpgzDYT6L023BUzKNnGKVxj0=&i=89.125&sp=2500&asn=1&q=n&rq=AwVBWciksf9J1EpBqOEyph97bruzEUim4pXIqNY1
2026-03-24 14:59:51.121	download_click	https://cdn-ogeg9hyzfcokkgab.edgeon-bandwidth.com/engine/hls2/01/16455/x5ayfysktm5e_,n,.urlset/index-v1-a1.m3u8?t=A6DsLiw7Sz9DB_w5LzGkN1X1TBDhdH39z15f9yhF24w&s=1774353578&e=14400&f=82276108&node=eDXIyMm3fd7yAfOx7IsJw0QTJp6k/KR+P6PSDJj0Kks=&i=89.125&sp=2500&asn=1&q=n&rq=AwVBWciksf9J1EpBqOEyph97bruzEUim4pXIqNY1
2026-03-24 15:17:03.975	download_click	https://cdn-yghqbfxup5ihfevl.edgeon-bandwidth.com/engine/hls2/01/16429/rcuifryej0jf_,n,.urlset/index-v1-a1.m3u8?t=_0Y0NSc8R2EZLUOAqGAsRZcRMqwKW9oXWKGRc96Q3LA&s=1774354611&e=14400&f=82149244&node=FfU+Rt4APH9JdMWjBDprDVHYvabsgKPG25Nt7j3icOI=&i=89.125&sp=2500&asn=1&q=n&rq=AwVBWciksf9J1EpBqOEyph97bruzEUim4pXIqNY1
2026-03-24 15:36:37.804	download_click	https://cdn-h2mjrimkntlozjfe.edgeon-bandwidth.com/engine/hls2/01/16281/iepfbzaq6ofh_,n,.urlset/index-v1-a1.m3u8?t=voDHVcvwu8t3I5ZCSt0P05swlvRRCEI20yRKGrkh3aU&s=1774355785&e=14400&f=81405766&node=bZvLD8Op4uK7L4MXGzLj/6gtxHLqLtopsFYNX9YqAR4=&i=89.125&sp=2500&asn=1&q=n&rq=AwVBWciksf9J1EpBqOEyph97bruzEUim4pXIqNY1
2026-03-24 15:45:49.362	download_click	https://cdn-cpjlg1yzjzxk8qnq.edgeon-bandwidth.com/engine/hls2/01/16231/ugrnnnma7elr_,n,.urlset/index-v1-a1.m3u8?t=LzfzPou1Qbl-fRaU-tMtcHJboiggJ_UXy9kE1y0ij3o&s=1774356337&e=14400&f=81156835&node=YM8ryRuslUo6jpp1CYW90UlU2A0JmuKOHWDGl2tyb2U=&i=89.125&sp=2500&asn=1&q=n&rq=AwVBWciksf9J1EpBqOEyph97bruzEUim4pXIqNY1
2026-03-24 15:55:27.310	download_click	https://cdn-rtj54enyb4wfqmeg.edgeon-bandwidth.com/engine/hls2/01/16199/vayvalgxwxdk_,n,.urlset/index-v1-a1.m3u8?t=2muZs4KwXltneTE7T8Uw0gVWo5I4yCWFqvzEFsEgByw&s=1774356915&e=14400&f=80998044&node=CUnhg9SBkorcdgPwi8773QKgzlxUN+Ac4q/F+1ZY0Zw=&i=89.125&sp=2500&asn=1&q=n&rq=AwVBWciksf9J1EpBqOEyph97bruzEUim4pXIqNY1
2026-03-24 16:17:41.555	download_click	https://cdn-1hjopol3eivdngah.edgeon-bandwidth.com/engine/hls2/01/16122/vd8o6vzebnfk_,n,.urlset/index-v1-a1.m3u8?t=ndGBxAt_l3kju0_KlMq-jiIodjbEyzk9oL3JssWp0AY&s=1774358249&e=14400&f=80611554&node=d5tRghDl45JQjR52TQYxs+fXD9lFAEAgV29+FmhOz9s=&i=89.125&sp=2500&asn=1&q=n&rq=AwVBWciksf9J1EpBqOEyph97bruzEUim4pXIqNY1
2026-03-24 16:27:39.402	download_click	https://cdn-0xnr5awdajkws8wi.edgeon-bandwidth.com/engine/hls2/01/16066/h4gfoh6jewlj_,n,.urlset/master.m3u8?t=SUYhqw4jksGXg1vQlRu7zWsrDe69qlIwvjMW6tA6Y8I&s=1774358847&e=14400&f=80334887&node=rCOWdLnDwBc8fdw+pBAugkU3abvUdpj4IVZGHLinY6E=&i=89.125&sp=2500&asn=1&q=n&rq=AwVBWciksf9J1EpBqOEyph97bruzEUim4pXIqNY1
2026-03-24 16:36:57.389	download_click	https://cdn-kfcaqtvy3apdervv.edgeon-bandwidth.com/engine/hls2/01/15700/arj8je9cxh45_,n,.urlset/index-v1-a1.m3u8?t=R8NpHzrsKgCXXkCZrmoKGmtTOa0P-2MT1ZBlN5kV2ic&s=1774359403&e=14400&f=78500280&node=j5dtUpwXp0ug+FMvXOg9ETfUDiihZBkJE1Edud/m3Wo=&i=89.125&sp=2500&asn=1&q=n&rq=AwVBWciksf9J1EpBqOEyph97bruzEUim4pXIqNY1
2026-03-24 16:51:15.741	download_click	https://cdn-jiy9zlzwdiiewfw2.edgeon-bandwidth.com/engine/hls2/01/15497/scmzanpyhhrz_,n,.urlset/index-v1-a1.m3u8?t=gfMVlvX6J4hVOlnRYZQcblo9dMihaAMxUZqna2jNIYg&s=1774360262&e=14400&f=77489260&node=PUoy/KM77l0V4iZ8nhkZLSLMxo5GfHXyuBpISv5gTK0=&i=89.125&sp=2500&asn=1&q=n&rq=AwVBWciksf9J1EpBqOEyph97bruzEUim4pXIqNY1
2026-03-24 17:06:17.574	download_click	https://cdn-8wuwubr3gnw1dqyx.edgeon-bandwidth.com/engine/hls2/01/15414/5katlltgvqrq_,n,.urlset/index-v1-a1.m3u8?t=pzg9EW6Ad98vMfcemekIQ2P6xR1WddGL_B37rYUhdI0&s=1774361163&e=14400&f=77074056&node=QTF7kH+a+x79BsYnOQ1yOTFDaLxX8r2/it4rPBQ8g+w=&i=89.125&sp=2500&asn=1&q=n&rq=AwVBWciksf9J1EpBqOEyph97bruzEUim4pXIqNY1
2026-03-24 17:21:13.157	download_click	https://cdn-e4srqqyuolvqfr5r.edgeon-bandwidth.com/engine/hls2/01/15098/rzskl9yxvzyp_,n,.urlset/index-v1-a1.m3u8?t=6FG1Q0Oaw4I4N44aLIIgFpE22zyNBs4VdnbqCdA1dQ4&s=1774362059&e=14400&f=75491858&node=Y0KHGfl9QQsG/hnJQy4YMlg5PipBN8Q9+7i/ywA/hFo=&i=89.125&sp=2500&asn=1&q=n&rq=AwVBWciksf9J1EpBqOEyph97bruzEUim4pXIqNY1
2026-03-24 20:11:24.793	download_click	https://cdn-e4srqqyuolvqfr5r.edgeon-bandwidth.com/engine/hls2/01/15098/rzskl9yxvzyp_,n,.urlset/index-v1-a1.m3u8?t=D2eUINYy0sTBuwxK6RvXg9fJLh_5Rq9-aVBP-crEcsQ&s=1774372271&e=14400&f=75491858&node=Y0KHGfl9QQsG/hnJQy4YMlg5PipBN8Q9+7i/ywA/hFo=&i=89.125&sp=2500&asn=1&q=n&rq=jdaW9gA7V8UEtR3nB4ZNKISojHBzVtyCZT5mtnnU
2026-03-24 20:26:04.901	download_click	https://hls6.turbosplayer.com/file/52586986-0656-11f0-a3cf-b42e99c9ae56/master.m3u8
2026-03-24 21:43:57.648	download_click	https://cdn-mlzkg3pcxxbulsw9.edgeon-bandwidth.com/engine/hls2/01/13931/koogd5hvguml_,n,.urlset/index-v1-a1.m3u8?t=9tXzArpCNtDsbPB1rnNBm3e_uvo4IJ9Vxe8MK_w_6jw&s=1774377824&e=14400&f=69658502&node=wN+TgJs41heRNwVR9fhhpGBNScEd4tp7oFdmJx9iFDQ=&i=89.125&sp=2500&asn=1&q=n&rq=jdaW9gA7V8UEtR3nB4ZNKISojHBzVtyCZT5mtnnU
2026-03-24 21:44:46.864	download_click	https://cdn-ubce3tf3nupwma8l.edgeon-bandwidth.com/engine/hls2/01/13659/d6vmixkuvgoj_,n,.urlset/index-v1-a1.m3u8?t=Vpza2lDxmhsTAF0184xSXAS8DFGUYYM3YNifut2wA0I&s=1774377873&e=14400&f=68295466&node=mwwk/o+5snAlUX+4EbUIzJgnMITZlt0E8iZgcQjsG9o=&i=89.125&sp=2500&asn=1&q=n&rq=jdaW9gA7V8UEtR3nB4ZNKISojHBzVtyCZT5mtnnU
2026-03-24 21:59:27.123	download_click	https://cdn-k5pjf7j179yn4kbs.edgeon-bandwidth.com/engine/hls2-c/01/13627/q8gioayd8obg_,n,.urlset/index-v1-a1.m3u8?t=K8d1qhJNA3fPJ5yeqIWUMu9gYIm4bW0eIpgeAZ6eAaA&s=1774378753&e=14400&f=68137277&node=wL3s/qrhS+Sb3UagPeV7UhQ4tuEkUsbV1gBdu0vbkeE=&i=89.125&sp=2500&asn=1&q=n&rq=jdaW9gA7V8UEtR3nB4ZNKISojHBzVtyCZT5mtnnU
2026-03-24 22:21:25.430	download_click	https://cdn-ih1zeyyumwjndcfh.edgeon-bandwidth.com/engine/hls2/01/13560/2oe3zolwkrld_,n,.urlset/index-v1-a1.m3u8?t=OvJW1BaqiBfWfZCp2n2oF0UEm-qlcPfp5FaWjnIdc0c&s=1774380071&e=14400&f=67801421&node=V/1lvgGMlgPCy5xtkpuys1/Ej20Tz4jaAM5nU62CBCM=&i=89.125&sp=2500&asn=1&q=n&rq=jdaW9gA7V8UEtR3nB4ZNKISojHBzVtyCZT5mtnnU
2026-03-24 22:37:49.867	download_click	https://cdn-kjhkd2xtdr8ud0rt.edgeon-bandwidth.com/engine/hls2/01/13555/eleiadadfgla_,n,.urlset/index-v1-a1.m3u8?t=CJKNGTBuIAA4eoKpYyQFetWC7Q0iMT6CNFc-RzmxkH0&s=1774381055&e=14400&f=67777448&node=Ds62J7V9p+3s1FdIEBu0ehh/X0eL5agNDKC5AOCzbIY=&i=89.125&sp=2500&asn=1&q=n&rq=jdaW9gA7V8UEtR3nB4ZNKISojHBzVtyCZT5mtnnU
2026-03-24 22:51:42.572	download_click	https://cdn-50kcbgjki0zzkzns.edgeon-bandwidth.com/engine/hls2/01/13465/zqeojo7q0glf_,n,.urlset/index-v1-a1.m3u8?t=atwbL0ej2GmgUdWbADD0xj3-y1S0qUSRlPP03F3yoTE&s=1774381887&e=14400&f=67327190&node=emFhWynNOGuv3pisMCjfukJkzsCosm5hJLraAZ+l22o=&i=89.125&sp=2500&asn=1&q=n&rq=jdaW9gA7V8UEtR3nB4ZNKISojHBzVtyCZT5mtnnU
2026-03-24 23:02:25.140	download_click	https://cdn-mdmqn5yuy7gitjar.edgeon-bandwidth.com/engine/hls2/01/13230/yak3qhrjfb59_,n,.urlset/index-v1-a1.m3u8?t=Oi66y2jZW7kGSkFiS0CIcfZiQdsv54zNGuR3vGf0BGg&s=1774382531&e=14400&f=66154734&node=BCbKujZ+gpCvTQ52BMBH76z7kgXKxX0QM8HnxxVOPVc=&i=89.125&sp=2500&asn=1&q=n&rq=jdaW9gA7V8UEtR3nB4ZNKISojHBzVtyCZT5mtnnU
2026-03-24 23:15:38.370	download_click	https://cdn-0f49rzor22huapc5.edgeon-bandwidth.com/engine/hls2/01/13228/lr06amof3wiz_,n,.urlset/index-v1-a1.m3u8?t=jHNanbQREvIiFzgSeLHYlCLXlvxhT4bfwJ7QXCal2Tk&s=1774383325&e=14400&f=66144282&node=SZHSsRvkCzi+vj394EwIn1FNSsrLyGHN5gEj3UffCak=&i=89.125&sp=2500&asn=1&q=n&rq=jdaW9gA7V8UEtR3nB4ZNKISojHBzVtyCZT5mtnnU
2026-03-24 23:29:18.774	download_click	https://cdn-v1erxe9dtcvj2lqt.edgeon-bandwidth.com/engine/hls2/01/13160/h47nir1qynmc_,n,.urlset/index-v1-a1.m3u8?t=vasCHbmMN3DF5zeDZUmXMzSdmxx-hIo294r0LAUvN8A&s=1774384144&e=14400&f=65804285&node=CcG+qOjROgZUTd3yvKUVtqHPJW1rxtjJmbg4P9ekU20=&i=89.125&sp=2500&asn=1&q=n&rq=jdaW9gA7V8UEtR3nB4ZNKISojHBzVtyCZT5mtnnU
2026-03-25 06:56:35.854	download_click	https://cdn-mlzkg3pcxxbulsw9.edgeon-bandwidth.com/engine/hls2/01/13931/koogd5hvguml_,n,.urlset/index-v1-a1.m3u8?t=ETF4lhET4fbkePgKOFHUdXzK3NEIDaOlvXrvr4fOEdc&s=1774410982&e=14400&f=69658502&node=wN+TgJs41heRNwVR9fhhpGBNScEd4tp7oFdmJx9iFDQ=&i=89.125&sp=2500&asn=1&q=n&rq=ncuvwchUPlrtYHnjjs46I52F72LPCXJllZdHuW7c
2026-03-25 07:05:15.359	download_click	https://cdn-ab4ltzosbs5kinyn.edgeon-bandwidth.com/engine/hls2/01/13141/vzzhbvm30cu5_,n,.urlset/master.m3u8?t=ik7rMmTgQQqqsc4RiCs-8Jlv9UyF8fQ6N0jrQKFpjac&s=1774411504&e=14400&f=65705820&node=POp4xljBCNXLlZhaSrzn3jH6eQsKV/IeKsIl7yV+cAs=&i=89.125&sp=2500&asn=1&q=n&rq=ncuvwchUPlrtYHnjjs46I52F72LPCXJllZdHuW7c
2026-03-25 07:14:07.652	download_click	https://cdn-ih1zeyyumwjndcfh.edgeon-bandwidth.com/engine/hls2/01/13137/wl8z24adkya1_,n,.urlset/index-v1-a1.m3u8?t=gog6IlxOkTLiz642KWo6v4lKZHFGS0Wiue1ZHTBNenQ&s=1774412034&e=14400&f=65688475&node=V/1lvgGMlgPCy5xtkpuys1/Ej20Tz4jaAM5nU62CBCM=&i=89.125&sp=2500&asn=1&q=n&rq=ncuvwchUPlrtYHnjjs46I52F72LPCXJllZdHuW7c
2026-03-25 07:53:54.331	download_click	https://cdn-mlzkg3pcxxbulsw9.edgeon-bandwidth.com/engine/hls2/01/13931/koogd5hvguml_,n,.urlset/index-v1-a1.m3u8?t=K-DZRtJ7ghTOLe3iDMe9A9p3guD3Ctuf9kYEJ7ar3IE&s=1774414421&e=14400&f=69658502&node=wN+TgJs41heRNwVR9fhhpGBNScEd4tp7oFdmJx9iFDQ=&i=89.125&sp=2500&asn=1&q=n&rq=ncuvwchUPlrtYHnjjs46I52F72LPCXJllZdHuW7c
2026-03-25 08:02:51.087	download_click	https://cdn-6thw7b00uppejdtq.edgeon-bandwidth.com/engine/hls2/01/13132/m1sci61rkwcx_,n,.urlset/index-v1-a1.m3u8?t=5CkTU-t9MrNrS3CCyoG8yzXFnmVQaP2U7Ikq7lCvbsc&s=1774414957&e=14400&f=65660348&node=Ho0pK0WwGhA6UnD2f032SGjD4NJlATNJF8MBAPqE67A=&i=89.125&sp=2500&asn=1&q=n&rq=ncuvwchUPlrtYHnjjs46I52F72LPCXJllZdHuW7c
2026-03-25 08:15:38.739	download_click	https://cdn-yrhohklc10mfxrgy.edgeon-bandwidth.com/engine/hls2/01/13015/ayvderopdc8f_,n,.urlset/index-v1-a1.m3u8?t=Vp-n6sYfXfVmBEtARogipbJIh1-OtvrRHEavFgppjko&s=1774415725&e=14400&f=65079786&node=9/YfUrcSSltRxRudPemYIkc9gzkqTBAOOy6oaT96arE=&i=89.125&sp=2500&asn=1&q=n&rq=ncuvwchUPlrtYHnjjs46I52F72LPCXJllZdHuW7c
2026-03-25 08:30:47.338	download_click	https://cdn-ptejpfhct13vobjp.edgeon-bandwidth.com/engine/hls2/01/12998/r9imjjrmrbrv_,n,.urlset/index-v1-a1.m3u8?t=e2Y68Tsx5aP-ELKpPUvbaTmHbdUryqDGZsEBRP-pAXQ&s=1774416633&e=14400&f=64990776&node=UE+o0WDa3qTWeqtOxlFvBP4frcF2IYaZWwRNVXKJjEY=&i=89.125&sp=2500&asn=1&q=n&rq=ncuvwchUPlrtYHnjjs46I52F72LPCXJllZdHuW7c
2026-03-25 08:45:58.248	download_click	https://hls5.turbosplayer.com/file/4bf1a3bd-b5d8-11ef-9661-a036bca6dac8/master.m3u8
2026-03-25 09:38:15.487	download_click	https://hls3.turbosplayer.com/file/f8f85433-b5d8-11ef-bba4-901b0eb894f0/master.m3u8
2026-03-25 10:26:53.193	download_click	https://hls3.turbosplayer.com/file/e77c04eb-b5da-11ef-bba4-901b0eb894f0/master.m3u8
2026-03-25 11:35:46.830	download_click	https://hls3.turbosplayer.com/file/9489fd10-b5db-11ef-bba4-901b0eb894f0/master.m3u8
2026-03-25 12:45:36.003	download_click	https://hls3.turbosplayer.com/file/5e55d947-b512-11ef-bba4-901b0eb894f0/master.m3u8
2026-03-25 13:04:02.041	download_click	https://hls1.turbosplayer.com/file/6b57eeea-b134-11ef-b2b9-b42e9947f7b9/master.m3u8
2026-03-25 13:39:31.251	download_click	https://hls1.turbosplayer.com/file/6ddf0100-ae17-11ef-b2b9-b42e9947f7b9/master.m3u8
2026-03-25 13:44:17.766	download_click	https://cdn-wtatahculkalrcev.edgeon-bandwidth.com/engine/hls2/01/12752/l1nivowyjax5_,n,.urlset/index-v1-a1.m3u8?t=nicSqa_DSawl_bZ4PP8SRhENGKmnMhP0Kb8FvQXDD5Y&s=1774435446&e=14400&f=63762491&node=eISAKDWRd0sgx/+XdP4Hazwt2f5jRKnKL0HD5mv5gRs=&i=89.125&sp=2500&asn=1&q=n&rq=eGXb7ondAKonR1J9sdrsLsBUy8capYWJz6WTkrTj
2026-03-25 13:59:07.095	download_click	https://cdn-qtgu5uourj2utr0y.edgeon-bandwidth.com/engine/hls2/01/12485/agoxzqsaipry_,n,.urlset/index-v1-a1.m3u8?t=iFdL52hLu2uS7nXTRgWpUwyrFOtvAnznPuT5JN3CkgA&s=1774436336&e=14400&f=62429545&node=B57W6LSLtKZExvuFyPoq1K3tgSN0lRsrJkZWYY3Gy1U=&i=89.125&sp=2500&asn=1&q=n&rq=eGXb7ondAKonR1J9sdrsLsBUy8capYWJz6WTkrTj
2026-03-25 14:12:47.561	download_click	https://cdn-ljesirbcw2lwdzzg.edgeon-bandwidth.com/engine/hls2/01/12212/waexiisb3oqo_,n,.urlset/index-v1-a1.m3u8?t=sndjJuAUKSGvU1kvb89FjuJMWxhQRvCW7LRNQLlYjhY&s=1774437156&e=14400&f=61064989&node=bD/lps5uSqSMYAlXMvyfDVEjWOQtIkEp4xApKbuQ2bw=&i=89.125&sp=2500&asn=1&q=n&rq=eGXb7ondAKonR1J9sdrsLsBUy8capYWJz6WTkrTj
2026-03-25 14:21:45.994	download_click	https://cdn-6thw7b00uppejdtq.edgeon-bandwidth.com/engine/hls2/01/12051/s0m3mwlagyek_,n,.urlset/index-v1-a1.m3u8?t=47PysCtKWJosch4OacWTo7MtFIRtK880WUdMpOeX3uU&s=1774437695&e=14400&f=60255275&node=Ho0pK0WwGhA6UnD2f032SGjD4NJlATNJF8MBAPqE67A=&i=89.125&sp=2500&asn=1&q=n&rq=eGXb7ondAKonR1J9sdrsLsBUy8capYWJz6WTkrTj
2026-03-25 14:33:50.803	download_click	https://cdn-f08jtimzq9nooa01.edgeon-bandwidth.com/engine/hls2/01/11761/qlpbcla9fgus_,n,.urlset/index-v1-a1.m3u8?t=86mB5z6NrXmNEv0LcNGRuk_V7HiqG0L9d61MaZNwYFc&s=1774438420&e=14400&f=58806746&node=/zplS6AmaZ36zjmLboDB24vY2N9xP5sahat3dXw95gg=&i=89.125&sp=2500&asn=1&q=n&rq=eGXb7ondAKonR1J9sdrsLsBUy8capYWJz6WTkrTj
2026-03-25 14:52:17.007	download_click	https://cdn-mu6fsuds3zuz3fgi.edgeon-bandwidth.com/engine/hls2/01/11640/8qphijdcbrze_,n,.urlset/index-v1-a1.m3u8?t=S2gTnX7tLAv3zMMxi2TVetZKAcXgKd00INpFlJ95aOY&s=1774439526&e=14400&f=58204161&node=vuFLRSYjrRRq/YGQUC8lKJ7J/rNptrhb08gIC4qNiVg=&i=89.125&sp=2500&asn=1&q=n&rq=eGXb7ondAKonR1J9sdrsLsBUy8capYWJz6WTkrTj
2026-03-25 15:01:01.078	download_click	https://cdn-rjr5gkb5baki8g2f.edgeon-bandwidth.com/engine/hls2/01/11302/fpxiehryec9e_,n,.urlset/index-v1-a1.m3u8?t=iA8UuurBjBBeHD16s63jFHN0tNQNaigupoSBYSrnnq4&s=1774440050&e=14400&f=56513034&node=j9A3uKlh9EJIvaW3p3v65VuzDBUEiinc24sqRscdXcg=&i=89.125&sp=2500&asn=1&q=n&rq=eGXb7ondAKonR1J9sdrsLsBUy8capYWJz6WTkrTj
2026-03-25 15:22:01.575	download_click	https://cdn.turboviplay.com/data/LXSGcEeqrkyUzs85cZBo/LXSGcEeqrkyUzs85cZBo.m3u8
2026-03-25 15:22:50.012	download_click	https://cdn-rjr5gkb5baki8g2f.edgeon-bandwidth.com/engine/hls2/01/11292/nn2gzroqjmwf_,n,.urlset/index-v1-a1.m3u8?t=SWokSIJ1OZHb7GjAi1GY1pUpXF9ni5zFucz_YRPFpuc&s=1774441359&e=14400&f=56460587&node=j9A3uKlh9EJIvaW3p3v65VuzDBUEiinc24sqRscdXcg=&i=89.125&sp=2500&asn=1&q=n&rq=eGXb7ondAKonR1J9sdrsLsBUy8capYWJz6WTkrTj
2026-03-25 15:41:34.080	download_click	https://cdn-6li7ojwnpwqec5ts.edgeon-bandwidth.com/engine/hls2/01/11285/8gt7ikenfj26_,n,.urlset/index-v1-a1.m3u8?t=6LXR9Z-8kRHInvt9tLlqIbtnODnd13kWy4h1--ruO6g&s=1774442483&e=14400&f=56427244&node=eyhOb/JxnYbP4ol38Hq2+4dDdtDXmLZYYZkzQIyLeU0=&i=89.125&sp=2500&asn=1&q=n&rq=eGXb7ondAKonR1J9sdrsLsBUy8capYWJz6WTkrTj
2026-03-25 15:55:44.859	download_click	https://cdn-ryktnah4snzsmsft.edgeon-bandwidth.com/engine/hls2/01/11277/rbjq6gqpaub1_,n,.urlset/index-v1-a1.m3u8?t=dkmghZzn1ZECU85apQfiakb8Ag5uG8ubTovcN9wiRl8&s=1774443337&e=14400&f=56389184&node=ANdqgg+j29wtM0uEp2t6GABqJPI8mH/5D4oCOUoEDAo=&i=89.125&sp=2500&asn=1&q=n&rq=eGXb7ondAKonR1J9sdrsLsBUy8capYWJz6WTkrTj
2026-03-25 16:05:11.707	download_click	https://cdn-puliq8eyobyawezd.edgeon-bandwidth.com/engine/hls2/01/11271/8l7wdeqnlqqc_,n,.urlset/index-v1-a1.m3u8?t=aCSxJ8zKVWKXpQikyC_KF5nnJiS0cLXG11zKn9ubOZw&s=1774443899&e=14400&f=56356907&node=GFPfwkVxOrAbl//ZuqXIKuBqNdcTSLtB3WHIyH/iTtQ=&i=89.125&sp=2500&asn=1&q=n&rq=eGXb7ondAKonR1J9sdrsLsBUy8capYWJz6WTkrTj
2026-03-25 16:20:43.516	download_click	https://cdn-s9axncnqpmolwhjf.edgeon-bandwidth.com/engine/hls2/01/11235/avmnwmnnf8ay_,n,.urlset/index-v1-a1.m3u8?t=JAQvmaPNzXeAFwJr5ibvsUplwae-O7w7PUuRnAh0VRw&s=1774444830&e=14400&f=56178068&node=BCeQachLSBhn9CjtJ8a5NmjiOwQOySRQZJFN9sWfb0k=&i=89.125&sp=2500&asn=1&q=n&rq=eGXb7ondAKonR1J9sdrsLsBUy8capYWJz6WTkrTj
2026-03-25 16:46:47.302	download_click	https://cdn.turboviplay.com/data/H95tl0a6sYXI6TBqVG3k/H95tl0a6sYXI6TBqVG3k.m3u8
2026-03-25 16:47:35.394	download_click	https://cdn-fkm7kxj6cbajfzl9.edgeon-bandwidth.com/engine/hls2/01/11219/nbymhwf9uw1z_,n,.urlset/index-v1-a1.m3u8?t=iojwdBMOmQnMMXGhEiUA9w_AzGYEMLOGemrVzOH3XsM&s=1774446442&e=14400&f=56097592&node=F1buFkWdFSsVUU0eLhLqAZIMt58FFS9+Qe0Acjz27Rw=&i=89.125&sp=2500&asn=1&q=n&rq=eGXb7ondAKonR1J9sdrsLsBUy8capYWJz6WTkrTj
2026-03-25 16:56:25.231	download_click	https://cdn-hbcea1msd43hebw9.edgeon-bandwidth.com/engine/hls2/01/11219/ypi0wjc5i34i_,n,.urlset/index-v1-a1.m3u8?t=51lKVeq-Q1Rx_bUqRPbabTvCVC0RRrCFRKWvQkaxM1Y&s=1774446972&e=14400&f=56097605&node=I93BdOti8vP1vATDmwuWmCHj3l/0s/QQVZ2Kh7aBM4Y=&i=89.125&sp=2500&asn=1&q=n&rq=eGXb7ondAKonR1J9sdrsLsBUy8capYWJz6WTkrTj
2026-03-25 17:08:44.776	download_click	https://cdn-fnvapstiqshd0vet.edgeon-bandwidth.com/engine/hls2/01/11213/nckjetgglty7_,n,.urlset/index-v1-a1.m3u8?t=waQTpQaj0KjGJ5R1gmcfl46llTBoUR-IFSQemguvLL0&s=1774447711&e=14400&f=56065270&node=8xQmhgdmyZbNdL+vNOSUbnqqVR6Y+BCfiTNwwVyvyyY=&i=89.125&sp=2500&asn=1&q=n&rq=eGXb7ondAKonR1J9sdrsLsBUy8capYWJz6WTkrTj
2026-03-25 17:22:54.060	download_click	https://cdn-jvehehycum69olgq.edgeon-bandwidth.com/engine/hls2/01/11213/fehkd5v8gl8q_,n,.urlset/master.m3u8?t=2BqXvJY9t9G1TgN4cKjDoTQXAYqXvMqofRh1UGrereY&s=1774448563&e=14400&f=56065190&node=X/+Uy7m15FtGCikNHkhazb3R/lIy9+dffZKJnOI/KCs=&i=89.125&sp=2500&asn=1&q=n&rq=eGXb7ondAKonR1J9sdrsLsBUy8capYWJz6WTkrTj
2026-03-25 17:31:59.495	download_click	https://cdn-hbcea1msd43hebw9.edgeon-bandwidth.com/engine/hls2/01/11197/gzoybiw0ngbe_,n,.urlset/index-v1-a1.m3u8?t=VYV3PTg38LvlVP2FKgj7rc1VJENgEUlVRZlS8irE94U&s=1774449106&e=14400&f=55985235&node=I93BdOti8vP1vATDmwuWmCHj3l/0s/QQVZ2Kh7aBM4Y=&i=89.125&sp=2500&asn=1&q=n&rq=eGXb7ondAKonR1J9sdrsLsBUy8capYWJz6WTkrTj
2026-03-25 19:49:47.452	download_click	https://cdn.turboviplay.com/data/LXSGcEeqrkyUzs85cZBo/LXSGcEeqrkyUzs85cZBo.m3u8
2026-03-25 19:53:35.533	download_click	https://cdn.turboviplay.com/data/LXSGcEeqrkyUzs85cZBo/LXSGcEeqrkyUzs85cZBo.m3u8
2026-03-25 19:55:52.658	download_click	https://cdn.turboviplay.com/data/H95tl0a6sYXI6TBqVG3k/H95tl0a6sYXI6TBqVG3k.m3u8
2026-03-25 19:56:42.689	download_click	https://cdn-xmbefiqq1rks9rbn.edgeon-bandwidth.com/engine/hls2/01/11180/qjy0a79hcb40_,n,.urlset/index-v1-a1.m3u8?t=sGlZpiZfVx-CXGQYSxtuyNGPCVQZF_3aXg0KsuSjKoY&s=1774457789&e=14400&f=55903344&node=LpIuEZanhrjhDAR86BMhkgyFeSPcfAN8BT7s3Ll+zKU=&i=89.125&sp=2500&asn=1&q=n&rq=iUbEDWnyDUTTTHHrqoX5eVHqOQI80qRpMdApT0Vw
2026-03-25 22:03:01.887	download_click	https://cdn.turboviplay.com/data/LXSGcEeqrkyUzs85cZBo/LXSGcEeqrkyUzs85cZBo.m3u8
2026-03-25 22:05:21.753	download_click	https://cdn.turboviplay.com/data/H95tl0a6sYXI6TBqVG3k/H95tl0a6sYXI6TBqVG3k.m3u8
2026-03-25 22:06:10.357	download_click	https://cdn-xmbefiqq1rks9rbn.edgeon-bandwidth.com/engine/hls2/01/11180/qjy0a79hcb40_,n,.urlset/index-v1-a1.m3u8?t=yFnwqYGq5IlZG6M0D8xP8avszu1DVxC28HdtOf2r9kE&s=1774465557&e=14400&f=55903344&node=LpIuEZanhrjhDAR86BMhkgyFeSPcfAN8BT7s3Ll+zKU=&i=89.125&sp=2500&asn=1&q=n&rq=5zPqJCiAZfU3Vv36hs9C4ksNalvHnFGH7wMxaa5z
2026-03-25 22:15:22.185	download_click	https://cdn-wrx6nwjzgsn74sdb.edgeon-bandwidth.com/engine/hls2-c/01/11180/kiadsarg2gz4_,n,.urlset/index-v1-a1.m3u8?t=-_j2Mu9lBLqq3YCywYOSDMrztdgj-jzeli6rxAQTttw&s=1774466108&e=14400&f=55903274&node=ZRZ0K3iT4dJ85562a73rCEzGUukeH4sE88b4z/MvRGc=&i=89.125&sp=2500&asn=1&q=n&rq=5zPqJCiAZfU3Vv36hs9C4ksNalvHnFGH7wMxaa5z
2026-03-25 22:25:24.575	download_click	https://cdn-0x5ib954jrlp03oi.edgeon-bandwidth.com/engine/hls2/01/11175/zlfba9wbwhjq_,n,.urlset/master.m3u8?t=7L0T6bCeHm7ni--1TzpQGhheSJ4xxmvbpqCVUG41biw&s=1774466713&e=14400&f=55876059&node=oRxdJZuzuwebqmjY9RAQV3anbaHWq6If7SDlTfajAHw=&i=89.125&sp=2500&asn=1&q=n&rq=5zPqJCiAZfU3Vv36hs9C4ksNalvHnFGH7wMxaa5z
2026-03-25 22:37:44.999	download_click	https://cdn-yrhohklc10mfxrgy.edgeon-bandwidth.com/engine/hls2/01/11168/c8pi5mr7ixzd_,n,.urlset/index-v1-a1.m3u8?t=N8kiE9890DDzjSVCjbVMIghi72DNKSa2e6mO2pasvM8&s=1774467452&e=14400&f=55840733&node=9/YfUrcSSltRxRudPemYIkc9gzkqTBAOOy6oaT96arE=&i=89.125&sp=2500&asn=1&q=n&rq=5zPqJCiAZfU3Vv36hs9C4ksNalvHnFGH7wMxaa5z
2026-03-25 22:56:49.333	download_click	https://cdn-fzsi5gnge0gpz5cp.edgeon-bandwidth.com/engine/hls2/01/11168/bvyzitqqt2gu_,n,.urlset/master.m3u8?t=jZGrD4taoI7jjZ7ekdqGp-_G9CDaNCpQXsWLFF6hwCc&s=1774468598&e=14400&f=55840474&node=uCgcMrcgBXk2wG2Wi4mze/EK2XRmSg2ZasO/6JaGhjs=&i=89.125&sp=2500&asn=1&q=n&rq=5zPqJCiAZfU3Vv36hs9C4ksNalvHnFGH7wMxaa5z
2026-03-25 22:57:38.037	download_click	https://cdn-xobnnrbejgdrhj4u.edgeon-bandwidth.com/engine/hls2-c/01/11163/xgxn8wsfztpp_,n,.urlset/index-v1-a1.m3u8?t=3tDKcJrbVA-QzKlv7heG_UE9ahglevt-8T4enzZhKSg&s=1774468645&e=14400&f=55815445&node=GFPfwkVxOrAbl//ZuqXIKuBqNdcTSLtB3WHIyH/iTtQ=&i=89.125&sp=2500&asn=1&q=n&rq=5zPqJCiAZfU3Vv36hs9C4ksNalvHnFGH7wMxaa5z
2026-03-25 23:44:26.228	download_click	https://cdn-15oxonghjuguwcfk.edgeon-bandwidth.com/engine/hls2/01/11157/j2v0jvxwjnuf_,n,.urlset/index-v1-a1.m3u8?t=vi2lkzD2oGI-WrJkS7_TXFE4UEpKxR-aHYYyYjWxnUU&s=1774471453&e=14400&f=55787229&node=AqlVVbsPMntfQIn+N+LIyvB9/lNgCKU+DTN0PFDbaek=&i=89.125&sp=2500&asn=1&q=n&rq=5zPqJCiAZfU3Vv36hs9C4ksNalvHnFGH7wMxaa5z
2026-03-25 23:55:56.201	download_click	https://cdn-eo8n0su7c4wpwkmk.edgeon-bandwidth.com/engine/hls2-c/01/11150/abk5musnodz0_,n,.urlset/index-v1-a1.m3u8?t=8EreYm8w4B0gIdNbXtQ12nUsAygPIIcsSAjM_w5RlZg&s=1774472143&e=14400&f=55752606&node=mwwk/o+5snAlUX+4EbUIzJgnMITZlt0E8iZgcQjsG9o=&i=89.125&sp=2500&asn=1&q=n&rq=5zPqJCiAZfU3Vv36hs9C4ksNalvHnFGH7wMxaa5z
2026-03-26 00:06:58.882	download_click	https://cdn-dzlrqbh8qr5lcobm.edgeon-bandwidth.com/engine/hls2-c/01/11143/sl9l2qyho2p4_,n,.urlset/index-v1-a1.m3u8?t=1mSO8jngUeU2YkQHgyM-_Cm0TPiBcbu2cD0eSQ8_rJ8&s=1774472805&e=14400&f=55718768&node=vuFLRSYjrRRq/YGQUC8lKJ7J/rNptrhb08gIC4qNiVg=&i=89.125&sp=2500&asn=1&q=n&rq=5zPqJCiAZfU3Vv36hs9C4ksNalvHnFGH7wMxaa5z
2026-03-26 07:01:51.549	download_click	https://cdn.turboviplay.com/data/LXSGcEeqrkyUzs85cZBo/LXSGcEeqrkyUzs85cZBo.m3u8
2026-03-26 07:04:09.354	download_click	https://cdn2.turboviplay.com/data/H95tl0a6sYXI6TBqVG3k/H95tl0a6sYXI6TBqVG3k.m3u8
2026-03-26 07:04:58.397	download_click	https://cdn-tyrpwrfsotxcpbf4.edgeon-bandwidth.com/engine/hls2/01/11168/bvyzitqqt2gu_,n,.urlset/index-v1-a1.m3u8?t=O4eEtk39fDsaQ0ZBjLSxskfUNkP8aBUUsQcS4KiuhoU&s=1774497886&e=14400&f=55840474&node=f2r1Vv8iA5AXIhJGsylzyb1+Sw3wQ1X8Nyhmz5J/TPI=&i=89.125&sp=2500&asn=1&q=n&rq=zu5SZBz1dYuIVsstnRCYTJVrH2PQQRiMwSGVNf4m
2026-03-26 07:20:56.008	download_click	https://cdn2.turboviplay.com/data/rmNWdbNeZ3hZtXLoFi0V/rmNWdbNeZ3hZtXLoFi0V.m3u8
2026-03-26 07:21:44.532	download_click	https://cdn-rjr5gkb5baki8g2f.edgeon-bandwidth.com/engine/hls2/01/11136/85p5kyxz21qz_,n,.urlset/index-v1-a1.m3u8?t=MhF5pwSsznZxj0lYhpBGD5CMgU4hb9JEwLxNhBUsXHg&s=1774498892&e=14400&f=55684758&node=j9A3uKlh9EJIvaW3p3v65VuzDBUEiinc24sqRscdXcg=&i=89.125&sp=2500&asn=1&q=n&rq=zu5SZBz1dYuIVsstnRCYTJVrH2PQQRiMwSGVNf4m
2026-03-26 08:07:23.518	download_click	https://cdn2.turboviplay.com/data/LXSGcEeqrkyUzs85cZBo/LXSGcEeqrkyUzs85cZBo.m3u8
2026-03-26 08:09:42.656	download_click	https://cdn2.turboviplay.com/data/H95tl0a6sYXI6TBqVG3k/H95tl0a6sYXI6TBqVG3k.m3u8
2026-03-26 08:12:01.468	download_click	https://cdn2.turboviplay.com/data/rmNWdbNeZ3hZtXLoFi0V/rmNWdbNeZ3hZtXLoFi0V.m3u8
2026-03-26 08:12:47.790	download_click	https://cdn-fzsi5gnge0gpz5cp.edgeon-bandwidth.com/engine/hls2/01/11115/leivu7machpp_,n,.urlset/index-v1-a1.m3u8?t=WOYHtypErHuJfhySFELdJsPBy3HqKnT6_arV-zjoAtU&s=1774501955&e=14400&f=55577710&node=uCgcMrcgBXk2wG2Wi4mze/EK2XRmSg2ZasO/6JaGhjs=&i=89.125&sp=2500&asn=1&q=n&rq=zu5SZBz1dYuIVsstnRCYTJVrH2PQQRiMwSGVNf4m
2026-03-26 08:22:03.282	download_click	https://cdn-o92n1eqci9twxhqi.edgeon-bandwidth.com/engine/hls2/01/11115/ptq3una23b7i_,n,.urlset/index-v1-a1.m3u8?t=IYSSvgN57IzdJykxXQUsXb3gmmphsllMtwrBvYvtX5c&s=1774502510&e=14400&f=55577713&node=kffQiIiLL3t5HEaCXmpbOHfVR/lt4JGbBRkc471ieNY=&i=89.125&sp=2500&asn=1&q=n&rq=zu5SZBz1dYuIVsstnRCYTJVrH2PQQRiMwSGVNf4m
2026-03-26 08:31:21.638	download_click	https://cdn-cglm4j5ztiyc9g2z.edgeon-bandwidth.com/engine/hls2/01/11111/2nv1hfbdjkih_,n,.urlset/index-v1-a1.m3u8?t=K8CqV4jzsx0S8TcXmnb2NNOB9HoT3SAYE_9jCAg1QKQ&s=1774503069&e=14400&f=55558058&node=R0rJpKnYBbJwDzzoMzSPnULaVxhDBR9daUQn1XDV8g0=&i=89.125&sp=2500&asn=1&q=n&rq=zu5SZBz1dYuIVsstnRCYTJVrH2PQQRiMwSGVNf4m
2026-03-26 08:40:18.424	download_click	https://cdn-2q9szkwxe3xq5x6z.edgeon-bandwidth.com/engine/hls2/01/11099/rxvuo06tkusi_,n,.urlset/index-v1-a1.m3u8?t=-NVeG8x1h_mVdPZ1AkdoYki5I8XIqJN4-V_3sp-e5Yg&s=1774503606&e=14400&f=55497728&node=3XyL9ThD9+Y33uW0lP0558J3jB+pUeDNB2x/RukRShY=&i=89.125&sp=2500&asn=1&q=n&rq=zu5SZBz1dYuIVsstnRCYTJVrH2PQQRiMwSGVNf4m
2026-03-26 08:49:29.166	download_click	https://cdn-fnvapstiqshd0vet.edgeon-bandwidth.com/engine/hls2/01/11099/0gtabaiphyzl_,n,.urlset/master.m3u8?t=mhaqQMKrvOVJDJ8LjqCqG4KXAIal-DWa0v31pmVTvXs&s=1774504158&e=14400&f=55497720&node=8xQmhgdmyZbNdL+vNOSUbnqqVR6Y+BCfiTNwwVyvyyY=&i=89.125&sp=2500&asn=1&q=n&rq=zu5SZBz1dYuIVsstnRCYTJVrH2PQQRiMwSGVNf4m
2026-03-26 08:59:09.126	download_click	https://cdn-yrhohklc10mfxrgy.edgeon-bandwidth.com/engine/hls2/01/11087/o5repmohwx4w_,n,.urlset/index-v1-a1.m3u8?t=44l3MkfvzZz6jojPKphdOtmHT8qi_wx45OlHmFzEhQs&s=1774504737&e=14400&f=55439424&node=9/YfUrcSSltRxRudPemYIkc9gzkqTBAOOy6oaT96arE=&i=89.125&sp=2500&asn=1&q=n&rq=zu5SZBz1dYuIVsstnRCYTJVrH2PQQRiMwSGVNf4m
2026-03-26 09:09:20.649	download_click	https://cdn-cglm4j5ztiyc9g2z.edgeon-bandwidth.com/engine/hls2/01/11087/k2uldv9ojlgc_,n,.urlset/index-v1-a1.m3u8?t=MM72LolqbhO-DkHNOpdM6Iq2wV-jvoFYhlxkK5CbyQk&s=1774505348&e=14400&f=55439464&node=R0rJpKnYBbJwDzzoMzSPnULaVxhDBR9daUQn1XDV8g0=&i=89.125&sp=2500&asn=1&q=n&rq=zu5SZBz1dYuIVsstnRCYTJVrH2PQQRiMwSGVNf4m
2026-03-26 09:18:53.965	download_click	https://cdn-upla4pcujrrkyrai.edgeon-bandwidth.com/engine/hls2/01/11069/rwtntqgqdo1d_,n,.urlset/index-v1-a1.m3u8?t=uVmJ5Q6MKOnH0m-KW5PAnBPWs84Roi1wzMAw7FPc5dE&s=1774505922&e=14400&f=55345270&node=jEH+LZZt+9avlxWinrVBlorAMPEplhqQtb/aHla+H2M=&i=89.125&sp=2500&asn=1&q=n&rq=zu5SZBz1dYuIVsstnRCYTJVrH2PQQRiMwSGVNf4m
2026-03-26 09:27:04.724	download_click	https://cdn-cglm4j5ztiyc9g2z.edgeon-bandwidth.com/engine/hls2/01/11069/o8mhgruypkwe_,n,.urlset/index-v1-a1.m3u8?t=FoyU3gSkxrDc42PnVEIkikCfY7wmoFhiwq3Onamb6ME&s=1774506413&e=14400&f=55345273&node=R0rJpKnYBbJwDzzoMzSPnULaVxhDBR9daUQn1XDV8g0=&i=89.125&sp=2500&asn=1&q=n&rq=zu5SZBz1dYuIVsstnRCYTJVrH2PQQRiMwSGVNf4m
2026-03-26 09:37:06.230	download_click	https://cdn-cpjlg1yzjzxk8qnq.edgeon-bandwidth.com/engine/hls2/01/11064/7uzcqqcq0n8q_,n,.urlset/index-v1-a1.m3u8?t=j6YnpV0lZoCaDoxt78bHYi8VU0sATre8g2HTYJijh34&s=1774507014&e=14400&f=55321432&node=YM8ryRuslUo6jpp1CYW90UlU2A0JmuKOHWDGl2tyb2U=&i=89.125&sp=2500&asn=1&q=n&rq=zu5SZBz1dYuIVsstnRCYTJVrH2PQQRiMwSGVNf4m
2026-03-26 09:46:53.502	download_click	https://cdn-s9axncnqpmolwhjf.edgeon-bandwidth.com/engine/hls2/01/11064/enzgg4myaojp_,n,.urlset/index-v1-a1.m3u8?t=71d9OY2vBgbV6aSO1oDB6fluzGsb-WEe2mYl_pgJGgU&s=1774507601&e=14400&f=55321431&node=BCeQachLSBhn9CjtJ8a5NmjiOwQOySRQZJFN9sWfb0k=&i=89.125&sp=2500&asn=1&q=n&rq=zu5SZBz1dYuIVsstnRCYTJVrH2PQQRiMwSGVNf4m
2026-03-26 09:55:49.449	download_click	https://media-hls.saawsedge.com/b-hls-06/27734927/27734927_240p.m3u8
2026-03-26 10:02:08.073	download_click	https://cdn2.turboviplay.com/data/rmNWdbNeZ3hZtXLoFi0V/rmNWdbNeZ3hZtXLoFi0V.m3u8
2026-03-26 10:02:54.413	download_click	https://cdn-ljesirbcw2lwdzzg.edgeon-bandwidth.com/engine/hls2/01/11060/tpueewayxhcd_,n,.urlset/index-v1-a1.m3u8?t=XeuoYY7G2iTRKsGjLiT0UkWERmK12hT9f6s_w0WtvvU&s=1774508562&e=14400&f=55301616&node=bD/lps5uSqSMYAlXMvyfDVEjWOQtIkEp4xApKbuQ2bw=&i=89.125&sp=2500&asn=1&q=n&rq=zu5SZBz1dYuIVsstnRCYTJVrH2PQQRiMwSGVNf4m
2026-03-26 10:11:27.854	download_click	https://cdn-x2waxpwmlm7xlwsm.edgeon-bandwidth.com/engine/hls2/01/10475/yracwvv7ikel_,n,.urlset/index-v1-a1.m3u8?t=mXIfx-d17gDFaj5jEpg8r5KcjHNTE2DWsHrmOaoe_Z4&s=1774509076&e=14400&f=52375146&node=4KLt2nsTvwRRKG8P0FA/+LWgxrdpSLmuO000PJ4FYrY=&i=89.125&sp=2500&asn=1&q=n&rq=zu5SZBz1dYuIVsstnRCYTJVrH2PQQRiMwSGVNf4m
2026-03-26 10:23:48.884	download_click	https://cdn2.turboviplay.com/data/Zk0Xke8CVnKE0k5C7gTP/Zk0Xke8CVnKE0k5C7gTP.m3u8
2026-03-26 10:24:38.345	download_click	https://cdn-vppcaciyqhsbvyrg.edgeon-bandwidth.com/engine/hls2/01/10456/xuupqlp6abed_,n,.urlset/index-v1-a1.m3u8?t=HBv2hmaHRO17FovWzP_1JcFAh0CQt6enS6-oVMneCDg&s=1774509866&e=14400&f=52283151&node=wL3s/qrhS+Sb3UagPeV7UhQ4tuEkUsbV1gBdu0vbkeE=&i=89.125&sp=2500&asn=1&q=n&rq=zu5SZBz1dYuIVsstnRCYTJVrH2PQQRiMwSGVNf4m
2026-03-26 10:34:46.573	download_click	https://cdn-lglttksvjqjetqih.edgeon-bandwidth.com/engine/hls2/01/10438/5qjvaq4ddewr_,n,.urlset/index-v1-a1.m3u8?t=IVvJghLzWFzBpMh9cCetAUbIomucv0_OEn5PlhTiops&s=1774510475&e=14400&f=52193436&node=+2bpgJxXD7r0sv08PpTAO10XicJpMqJ6crJQWOZy8GQ=&i=89.125&sp=2500&asn=1&q=n&rq=zu5SZBz1dYuIVsstnRCYTJVrH2PQQRiMwSGVNf4m
2026-03-26 10:45:09.728	download_click	https://cdn-jaeuw3ehedpghzva.edgeon-bandwidth.com/engine/hls2/01/10403/ev2romatzhcz_,n,.urlset/index-v1-a1.m3u8?t=E_XP6MmhTD-eRAmuWj5PpcBPrq48-cKChrV2R_AOQxY&s=1774511098&e=14400&f=52019577&node=zGBu5D2v5eB3O/KB4a4xtvGvDbBUNXxDrrO4ga1VLgc=&i=89.125&sp=2500&asn=1&q=n&rq=zu5SZBz1dYuIVsstnRCYTJVrH2PQQRiMwSGVNf4m
2026-03-26 10:55:09.982	download_click	https://cdn-gi44ckdfnm99vidr.edgeon-bandwidth.com/engine/hls2/01/10398/kx5zb1juwxpm_,n,.urlset/index-v1-a1.m3u8?t=oLNanxqTRkM3KvSM90BC0CGhs_Hqd9BlE2hwoyNvMjY&s=1774511698&e=14400&f=51990934&node=F4M3WQ74E+YxYp1ngHfYdN3eO+NE01nJ+SvVvDog8zM=&i=89.125&sp=2500&asn=1&q=n&rq=zu5SZBz1dYuIVsstnRCYTJVrH2PQQRiMwSGVNf4m
2026-03-26 11:07:24.152	download_click	https://cdn2.turboviplay.com/data/HfDSeNgmcMlBaOGUebIo/HfDSeNgmcMlBaOGUebIo.m3u8
2026-03-26 11:08:09.163	download_click	https://cdn-tlrb1vs6yeporajd.edgeon-bandwidth.com/engine/hls2/01/10316/i10ffihokrdo_,n,.urlset/index-v1-a1.m3u8?t=xcVnaZxCoYktpSuDylWSbQi3iz4AeseVjIhAqPTb2-M&s=1774512477&e=14400&f=51580536&node=vQNYzBgoOUWQaNyCrwxJhQY3K9HJDDAMOj7kOzOhD9s=&i=89.125&sp=2500&asn=1&q=n&rq=zu5SZBz1dYuIVsstnRCYTJVrH2PQQRiMwSGVNf4m
2026-03-26 11:21:36.842	download_click	https://cdn2.turboviplay.com/data/5h7rUXlbJa8riF0sT7Ia/5h7rUXlbJa8riF0sT7Ia.m3u8
2026-03-26 11:25:11.824	download_click	https://cdn2.turboviplay.com/data/rcne5tTcepplR5brCuba/rcne5tTcepplR5brCuba.m3u8
2026-03-26 11:27:46.044	download_click	https://cdn2.turboviplay.com/data/gOvw1MEpZfTCd02PcRvk/gOvw1MEpZfTCd02PcRvk.m3u8
2026-03-26 11:34:04.214	download_click	https://cdn2.turboviplay.com/data/NQiOB2zI22C9bFw2jlYf/NQiOB2zI22C9bFw2jlYf.m3u8
2026-03-26 11:36:38.457	download_click	https://cdn2.turboviplay.com/data/6R4VgRPyqTlf67WTr3o3/6R4VgRPyqTlf67WTr3o3.m3u8
2026-03-26 11:39:14.687	download_click	https://cdn2.turboviplay.com/data/4Gb2OnJTzMnkTeyB23PB/4Gb2OnJTzMnkTeyB23PB.m3u8
2026-03-26 11:41:44.700	download_click	https://cdn2.turboviplay.com/data/FxRNVlpslNEqvSvG21rc/FxRNVlpslNEqvSvG21rc.m3u8
2026-03-26 11:44:14.764	download_click	https://cdn2.turboviplay.com/data/VGzmVaAFfRP22I3OrLpd/VGzmVaAFfRP22I3OrLpd.m3u8
2026-03-26 11:46:53.204	download_click	https://cdn2.turboviplay.com/data/0tQ0wUboWpxryioy93An/0tQ0wUboWpxryioy93An.m3u8
2026-03-26 11:52:00.262	download_click	https://streamtape.com/get_video?id=el3x8zD3RLCY4P9&expires=1774585090&ip=DxysD0SOKxSHDN&token=DKrCO3omlZg7&stream=1
2026-03-26 12:02:20.576	download_click	https://cdn2.turboviplay.com/data/0tQ0wUboWpxryioy93An/0tQ0wUboWpxryioy93An.m3u8
2026-03-26 12:03:11.640	download_click	https://streamtape.com/get_video?id=el3x8zD3RLCY4P9&expires=1774585763&ip=DxysD0SOKxSHDN&token=Laexd4gbsdGH&stream=1
2026-03-26 12:58:18.606	download_click	https://cdn2.turboviplay.com/data/rmNWdbNeZ3hZtXLoFi0V/rmNWdbNeZ3hZtXLoFi0V.m3u8
2026-03-26 12:59:07.386	download_click	https://streamtape.com/get_video?id=kLmpZOeLyWi6PY&expires=1774589119&ip=DxysD0SOKxSHDN&token=AeCI-7oXMUwI&stream=1
2026-03-26 14:02:45.258	download_click	https://cdn2.turboviplay.com/data/Zk0Xke8CVnKE0k5C7gTP/Zk0Xke8CVnKE0k5C7gTP.m3u8
2026-03-26 14:03:44.411	download_click	https://streamtape.com/get_video?id=3qWARgrlPBcdqMm&expires=1774592985&ip=DxysD0SOKxSHDN&token=gGjd3dGxSq7j&stream=1
2026-03-26 14:15:17.210	download_click	https://cdn2.turboviplay.com/data/rmNWdbNeZ3hZtXLoFi0V/rmNWdbNeZ3hZtXLoFi0V.m3u8
2026-03-26 14:16:02.351	download_click	https://streamtape.com/get_video?id=kLmpZOeLyWi6PY&expires=1774593734&ip=DxysD0SOKxSHDN&token=EnyEDAxz6Go4&stream=1
2026-03-26 15:19:39.256	download_click	https://cdn2.turboviplay.com/data/Zk0Xke8CVnKE0k5C7gTP/Zk0Xke8CVnKE0k5C7gTP.m3u8
2026-03-26 15:20:38.465	download_click	https://streamtape.com/get_video?id=3qWARgrlPBcdqMm&expires=1774597599&ip=DxysD0SOKxSHDN&token=jT_pHE2cZQJP&stream=1
2026-03-26 16:09:02.866	download_click	https://cdn2.turboviplay.com/data/HfDSeNgmcMlBaOGUebIo/HfDSeNgmcMlBaOGUebIo.m3u8
2026-03-26 16:09:50.923	download_click	https://streamtape.com/get_video?id=0VwX2Aj0yaCbRoW&expires=1774600562&ip=DxysD0SOKxSHDN&token=f7keXRQY1epq&stream=1
2026-03-26 16:59:13.034	download_click	https://cdn2.turboviplay.com/data/5h7rUXlbJa8riF0sT7Ia/5h7rUXlbJa8riF0sT7Ia.m3u8
2026-03-26 17:00:13.855	download_click	https://streamtape.com/get_video?id=qDoLvQp2D0FzVWj&expires=1774603575&ip=DxysD0SOKxSHDN&token=O25BupKKStQu&stream=1
2026-03-26 17:45:22.622	download_click	https://cdn2.turboviplay.com/data/rcne5tTcepplR5brCuba/rcne5tTcepplR5brCuba.m3u8
2026-03-26 17:46:13.787	download_click	https://streamtape.com/get_video?id=eoADdzloe6CYRmZ&expires=1774606344&ip=DxysD0SOKxSHDN&token=wD7Jg2nwts-Z&stream=1
2026-03-26 17:50:49.203	download_click	https://cdn2.turboviplay.com/data/gOvw1MEpZfTCd02PcRvk/gOvw1MEpZfTCd02PcRvk.m3u8
2026-03-26 17:51:40.587	download_click	https://streamtape.com/get_video?id=mDYoqK0Y8YTXj7&expires=1774606671&ip=DxysD0SOKxSHDN&token=mVEnJ801b5Qc&stream=1
2026-03-26 17:57:41.493	download_click	https://fc2stream.tv/stream/-Kx1p2NgxY6XhDK26h_bkg/kjhhiuahiuhgihdf/1774580243/12278962/index-f2-v1-a1.m3u8
2026-03-26 17:59:55.082	download_click	https://cdn2.turboviplay.com/data/gOvw1MEpZfTCd02PcRvk/gOvw1MEpZfTCd02PcRvk.m3u8
2026-03-26 18:09:24.551	download_click	https://fc2stream.tv/stream/horDMioLN5X3TwjKVmtgBQ/kjhhiuahiuhgihdf/1774580947/12278962/index-f2-v1-a1.m3u8
2026-03-26 18:40:30.199	download_click	https://cdn2.turboviplay.com/data/NQiOB2zI22C9bFw2jlYf/NQiOB2zI22C9bFw2jlYf.m3u8
2026-03-26 18:53:28.818	download_click	https://cdn2.turboviplay.com/data/NQiOB2zI22C9bFw2jlYf/NQiOB2zI22C9bFw2jlYf.m3u8
2026-03-26 18:53:57.571	download_click	https://fc2stream.tv/stream/YAB8uihV67CmkWomnkKx-Q/kjhhiuahiuhgihdf/1774583629/10870646/index-f2-v1-a1.m3u8
2026-03-26 19:31:07.274	download_click	https://cdn2.turboviplay.com/data/6R4VgRPyqTlf67WTr3o3/6R4VgRPyqTlf67WTr3o3.m3u8
2026-03-26 19:34:45.457	download_click	https://cdn2.turboviplay.com/data/4Gb2OnJTzMnkTeyB23PB/4Gb2OnJTzMnkTeyB23PB.m3u8
2026-03-26 19:38:25.865	download_click	https://cdn2.turboviplay.com/data/FxRNVlpslNEqvSvG21rc/FxRNVlpslNEqvSvG21rc.m3u8
2026-03-26 19:44:03.353	download_click	https://media-hls.growcdnssedge.com/b-hls-20/222373457/222373457_240p.m3u8
2026-03-26 19:44:44.655	download_click	https://streamtape.com/get_video?id=aR6YyZQAwGTx40y&expires=1774613465&ip=DxysD0SOKxSHDN&token=QXjJA9hyiUR9&stream=1
2026-03-26 19:49:38.258	download_click	https://cdn2.turboviplay.com/data/6R4VgRPyqTlf67WTr3o3/6R4VgRPyqTlf67WTr3o3.m3u8
2026-03-26 19:50:41.465	download_click	https://media-hls.growcdnssedge.com/b-hls-20/222373457/222373457_240p.m3u8
2026-03-26 20:24:33.660	download_click	https://streamtape.com/get_video?id=QPk7xQD107I0XaX&expires=1774615849&ip=DxysD0SOKxSHDN&token=PotRsAKT_BlX&stream=1
2026-03-26 20:24:35.664	download_click	https://streamtape.com/get_video?id=QPk7xQD107I0XaX&expires=1774615849&ip=DxysD0SOKxSHDN&token=PotRsAKT_BlX&stream=1
2026-03-26 20:27:59.377	download_click	https://cdn2.turboviplay.com/data/6R4VgRPyqTlf67WTr3o3/6R4VgRPyqTlf67WTr3o3.m3u8
2026-03-26 20:31:38.650	download_click	https://cdn2.turboviplay.com/data/4Gb2OnJTzMnkTeyB23PB/4Gb2OnJTzMnkTeyB23PB.m3u8
2026-03-26 20:42:03.226	download_click	https://mc.yandex.com/watch/61426822?wmode=7&page-url=https%3A%2F%2Fstreamtape.com%2Fe%2Feq03RPyLGKIY1pW%2Fiptd-932-ub.mp4&page-ref=https%3A%2F%2Flk1.supremejav.com%2F&charset=utf-8&uah=chu%0A%22Chromium%22%3Bv%3D%22146%22%2C%22Not-A.Brand%22%3Bv%3D%2224%22%2C%22Google%20Chrome%22%3Bv%3D%22146%22%0Acha%0Ax86%0Achb%0A64%0Achf%0A146.0.7680.165%0Achl%0A%22Chromium%22%3Bv%3D%22146.0.7680.165%22%2C%22Not-A.Brand%22%3Bv%3D%2224.0.0.0%22%2C%22Google%20Chrome%22%3Bv%3D%22146.0.7680.165%22%0Achm%0A%3F0%0Achp%0AWindows%0Achv%0A10.0&browser-info=pv%3A1%3Avf%3A6g20vg83qczf8k4ufc5vczhtvsiqj%3Afu%3A0%3Aen%3Autf-8%3Ala%3Aen-US%3Av%3A2431%3Acn%3A1%3Adp%3A0%3Als%3A1622908935079%3Ahid%3A476231646%3Az%3A-240%3Ai%3A20260326134159%3Aet%3A1774546919%3Ac%3A1%3Arn%3A43277818%3Arqn%3A177%3Au%3A1773614269728559100%3Aw%3A777x550%3As%3A1280x720x32%3Ask%3A1.5%3Aifr%3A1%3Afp%3A652%3Awv%3A2%3Ads%3A53%2C58%2C115%2C8%2C82%2C0%2C%2C316%2C0%2C%2C%2C%2C638%3Aco%3A0%3Acpf%3A1%3Antf%3A1%3Ans%3A1774546918398%3Aadb%3A2%3Arqnl%3A1%3Ast%3A1774546919%3At%3AStreamtape.com&t=gdpr(14)clc(0-0-0)rqnt(1)aw(1)rcm(1)cdl(na)eco(42009088)ti(1)
2026-03-26 20:45:56.125	download_click	https://streamtape.com/get_video?id=eq03RPyLGKIY1pW&expires=1774617129&ip=DxysD0SOKxSHDN&token=e2n8XFCRNSt_&stream=1
2026-03-26 20:47:00.995	download_click	https://media-hls.growcdnssedge.com/b-hls-01/5879357/5879357_240p.m3u8
2026-03-26 20:54:13.946	download_click	https://mc.yandex.com/watch/61426822?wmode=7&page-url=https%3A%2F%2Fstreamtape.com%2Fe%2Feq03RPyLGKIY1pW%2Fiptd-932-ub.mp4&page-ref=https%3A%2F%2Flk1.supremejav.com%2F&charset=utf-8&uah=chu%0A%22Chromium%22%3Bv%3D%22146%22%2C%22Not-A.Brand%22%3Bv%3D%2224%22%2C%22Google%20Chrome%22%3Bv%3D%22146%22%0Acha%0Ax86%0Achb%0A64%0Achf%0A146.0.7680.165%0Achl%0A%22Chromium%22%3Bv%3D%22146.0.7680.165%22%2C%22Not-A.Brand%22%3Bv%3D%2224.0.0.0%22%2C%22Google%20Chrome%22%3Bv%3D%22146.0.7680.165%22%0Achm%0A%3F0%0Achp%0AWindows%0Achv%0A10.0&browser-info=pv%3A1%3Avf%3A6g20vg83qczf8k4ufc5vczhtvsiqj%3Afu%3A0%3Aen%3Autf-8%3Ala%3Aen-US%3Av%3A2431%3Acn%3A1%3Adp%3A0%3Als%3A1622908935079%3Ahid%3A993898222%3Az%3A-240%3Ai%3A20260326135410%3Aet%3A1774547650%3Ac%3A1%3Arn%3A154018175%3Arqn%3A179%3Au%3A1773614269728559100%3Aw%3A777x550%3As%3A1280x720x32%3Ask%3A1.5%3Aifr%3A1%3Afp%3A796%3Awv%3A2%3Ads%3A58%2C62%2C129%2C60%2C92%2C0%2C%2C361%2C0%2C%2C%2C%2C769%3Aco%3A0%3Acpf%3A1%3Antf%3A1%3Ans%3A1774547649033%3Aadb%3A2%3Arqnl%3A1%3Ast%3A1774547650%3At%3AStreamtape.com&t=gdpr(14)clc(0-0-0)rqnt(1)aw(1)rcm(1)cdl(na)eco(42009088)ti(1)
